2026-01-09T09:05:40.842373+00:00 Ubuntu kernel: Linux version 6.8.0-90-generic (buildd@lcy02-amd64-092) (x86_64-linux-gnu-gcc-13 (Ubuntu 13.3.0-6ubuntu2~24.04) 13.3.0, GNU ld (GNU Binutils for Ubuntu) 2.42) #91-Ubuntu SMP PREEMPT_DYNAMIC Tue Nov 18 14:14:30 UTC 2025 (Ubuntu 6.8.0-90.91-generic 6.8.12)
2026-01-09T09:05:40.842674+00:00 Ubuntu kernel: Command line: BOOT_IMAGE=/boot/vmlinuz-6.8.0-90-generic root=UUID=916c71b1-9960-4d5d-94ae-1a5fd7237d7f ro quiet splash noprompt noshell automatic-ubiquity debian-installer/locale=en_US keyboard-configuration/layoutcode=us languagechooser/language-name=English localechooser/supported-locales=en_US.UTF-8 countrychooser/shortlist=AU --
2026-01-09T09:05:40.842677+00:00 Ubuntu kernel: KERNEL supported cpus:
2026-01-09T09:05:40.842677+00:00 Ubuntu kernel:   Intel GenuineIntel
2026-01-09T09:05:40.842677+00:00 Ubuntu kernel:   AMD AuthenticAMD
2026-01-09T09:05:40.842678+00:00 Ubuntu kernel:   Hygon HygonGenuine
2026-01-09T09:05:40.842682+00:00 Ubuntu kernel:   Centaur CentaurHauls
2026-01-09T09:05:40.842682+00:00 Ubuntu kernel:   zhaoxin   Shanghai  
2026-01-09T09:05:40.842683+00:00 Ubuntu kernel: BIOS-provided physical RAM map:
2026-01-09T09:05:40.842683+00:00 Ubuntu kernel: BIOS-e820: [mem 0x0000000000000000-0x000000000009fbff] usable
2026-01-09T09:05:40.842683+00:00 Ubuntu kernel: BIOS-e820: [mem 0x000000000009fc00-0x000000000009ffff] reserved
2026-01-09T09:05:40.842683+00:00 Ubuntu kernel: BIOS-e820: [mem 0x00000000000f0000-0x00000000000fffff] reserved
2026-01-09T09:05:40.842684+00:00 Ubuntu kernel: BIOS-e820: [mem 0x0000000000100000-0x00000000dffeffff] usable
2026-01-09T09:05:40.842685+00:00 Ubuntu kernel: BIOS-e820: [mem 0x00000000dfff0000-0x00000000dfffffff] ACPI data
2026-01-09T09:05:40.842685+00:00 Ubuntu kernel: BIOS-e820: [mem 0x00000000fec00000-0x00000000fec00fff] reserved
2026-01-09T09:05:40.842686+00:00 Ubuntu kernel: BIOS-e820: [mem 0x00000000fee00000-0x00000000fee00fff] reserved
2026-01-09T09:05:40.842686+00:00 Ubuntu kernel: BIOS-e820: [mem 0x00000000fffc0000-0x00000000ffffffff] reserved
2026-01-09T09:05:40.842686+00:00 Ubuntu kernel: BIOS-e820: [mem 0x0000000100000000-0x000000021fffffff] usable
2026-01-09T09:05:40.842686+00:00 Ubuntu kernel: NX (Execute Disable) protection: active
2026-01-09T09:05:40.842687+00:00 Ubuntu kernel: APIC: Static calls initialized
2026-01-09T09:05:40.842688+00:00 Ubuntu kernel: SMBIOS 2.5 present.
2026-01-09T09:05:40.842688+00:00 Ubuntu kernel: DMI: innotek GmbH VirtualBox/VirtualBox, BIOS VirtualBox 12/01/2006
2026-01-09T09:05:40.842688+00:00 Ubuntu kernel: Hypervisor detected: KVM
2026-01-09T09:05:40.842688+00:00 Ubuntu kernel: kvm-clock: Using msrs 4b564d01 and 4b564d00
2026-01-09T09:05:40.842688+00:00 Ubuntu kernel: kvm-clock: using sched offset of 363171608916 cycles
2026-01-09T09:05:40.842689+00:00 Ubuntu kernel: clocksource: kvm-clock: mask: 0xffffffffffffffff max_cycles: 0x1cd42e4dffb, max_idle_ns: 881590591483 ns
2026-01-09T09:05:40.842690+00:00 Ubuntu kernel: tsc: Detected 2496.000 MHz processor
2026-01-09T09:05:40.842690+00:00 Ubuntu kernel: e820: update [mem 0x00000000-0x00000fff] usable ==> reserved
2026-01-09T09:05:40.842690+00:00 Ubuntu kernel: e820: remove [mem 0x000a0000-0x000fffff] usable
2026-01-09T09:05:40.842691+00:00 Ubuntu kernel: last_pfn = 0x220000 max_arch_pfn = 0x400000000
2026-01-09T09:05:40.842691+00:00 Ubuntu kernel: MTRR map: 3 entries (3 fixed + 0 variable; max 19), built from 8 variable MTRRs
2026-01-09T09:05:40.842691+00:00 Ubuntu kernel: x86/PAT: Configuration [0-7]: WB  WC  UC- UC  WB  WP  UC- WT  
2026-01-09T09:05:40.842692+00:00 Ubuntu kernel: CPU MTRRs all blank - virtualized system.
2026-01-09T09:05:40.842692+00:00 Ubuntu kernel: last_pfn = 0xdfff0 max_arch_pfn = 0x400000000
2026-01-09T09:05:40.842692+00:00 Ubuntu kernel: found SMP MP-table at [mem 0x0009fbf0-0x0009fbff]
2026-01-09T09:05:40.842693+00:00 Ubuntu kernel: RAMDISK: [mem 0x2f5d1000-0x33adffff]
2026-01-09T09:05:40.842693+00:00 Ubuntu kernel: ACPI: Early table checksum verification disabled
2026-01-09T09:05:40.842693+00:00 Ubuntu kernel: ACPI: RSDP 0x00000000000E0000 000024 (v02 VBOX  )
2026-01-09T09:05:40.842694+00:00 Ubuntu kernel: ACPI: XSDT 0x00000000DFFF0030 00003C (v01 VBOX   VBOXXSDT 00000001 ASL  00000061)
2026-01-09T09:05:40.842694+00:00 Ubuntu kernel: ACPI: FACP 0x00000000DFFF00F0 0000F4 (v04 VBOX   VBOXFACP 00000001 ASL  00000061)
2026-01-09T09:05:40.842695+00:00 Ubuntu kernel: ACPI: DSDT 0x00000000DFFF0310 002353 (v02 VBOX   VBOXBIOS 00000002 VBOX 00029BF3)
2026-01-09T09:05:40.842695+00:00 Ubuntu kernel: ACPI: FACS 0x00000000DFFF0200 000040
2026-01-09T09:05:40.842695+00:00 Ubuntu kernel: ACPI: FACS 0x00000000DFFF0200 000040
2026-01-09T09:05:40.842696+00:00 Ubuntu kernel: ACPI: APIC 0x00000000DFFF0240 00006C (v02 VBOX   VBOXAPIC 00000001 ASL  00000061)
2026-01-09T09:05:40.842698+00:00 Ubuntu kernel: ACPI: SSDT 0x00000000DFFF02B0 00005F (v01 VBOX   VBOXCPUT 00000002 VBOX 00029BF3)
2026-01-09T09:05:40.842698+00:00 Ubuntu kernel: ACPI: Reserving FACP table memory at [mem 0xdfff00f0-0xdfff01e3]
2026-01-09T09:05:40.842698+00:00 Ubuntu kernel: ACPI: Reserving DSDT table memory at [mem 0xdfff0310-0xdfff2662]
2026-01-09T09:05:40.842698+00:00 Ubuntu kernel: ACPI: Reserving FACS table memory at [mem 0xdfff0200-0xdfff023f]
2026-01-09T09:05:40.842699+00:00 Ubuntu kernel: ACPI: Reserving FACS table memory at [mem 0xdfff0200-0xdfff023f]
2026-01-09T09:05:40.842699+00:00 Ubuntu kernel: ACPI: Reserving APIC table memory at [mem 0xdfff0240-0xdfff02ab]
2026-01-09T09:05:40.842700+00:00 Ubuntu kernel: ACPI: Reserving SSDT table memory at [mem 0xdfff02b0-0xdfff030e]
2026-01-09T09:05:40.842700+00:00 Ubuntu kernel: No NUMA configuration found
2026-01-09T09:05:40.842701+00:00 Ubuntu kernel: Faking a node at [mem 0x0000000000000000-0x000000021fffffff]
2026-01-09T09:05:40.842701+00:00 Ubuntu kernel: NODE_DATA(0) allocated [mem 0x21ffd1000-0x21fffbfff]
2026-01-09T09:05:40.842701+00:00 Ubuntu kernel: Zone ranges:
2026-01-09T09:05:40.842701+00:00 Ubuntu kernel:   DMA      [mem 0x0000000000001000-0x0000000000ffffff]
2026-01-09T09:05:40.842702+00:00 Ubuntu kernel:   DMA32    [mem 0x0000000001000000-0x00000000ffffffff]
2026-01-09T09:05:40.842703+00:00 Ubuntu kernel:   Normal   [mem 0x0000000100000000-0x000000021fffffff]
2026-01-09T09:05:40.842703+00:00 Ubuntu kernel:   Device   empty
2026-01-09T09:05:40.842703+00:00 Ubuntu kernel: Movable zone start for each node
2026-01-09T09:05:40.842703+00:00 Ubuntu kernel: Early memory node ranges
2026-01-09T09:05:40.842704+00:00 Ubuntu kernel:   node   0: [mem 0x0000000000001000-0x000000000009efff]
2026-01-09T09:05:40.842704+00:00 Ubuntu kernel:   node   0: [mem 0x0000000000100000-0x00000000dffeffff]
2026-01-09T09:05:40.842705+00:00 Ubuntu kernel:   node   0: [mem 0x0000000100000000-0x000000021fffffff]
2026-01-09T09:05:40.842705+00:00 Ubuntu kernel: Initmem setup node 0 [mem 0x0000000000001000-0x000000021fffffff]
2026-01-09T09:05:40.842705+00:00 Ubuntu kernel: On node 0, zone DMA: 1 pages in unavailable ranges
2026-01-09T09:05:40.842706+00:00 Ubuntu kernel: On node 0, zone DMA: 97 pages in unavailable ranges
2026-01-09T09:05:40.842706+00:00 Ubuntu kernel: On node 0, zone Normal: 16 pages in unavailable ranges
2026-01-09T09:05:40.842706+00:00 Ubuntu kernel: ACPI: PM-Timer IO Port: 0x4008
2026-01-09T09:05:40.842706+00:00 Ubuntu kernel: IOAPIC[0]: apic_id 4, version 32, address 0xfec00000, GSI 0-23
2026-01-09T09:05:40.842707+00:00 Ubuntu kernel: ACPI: INT_SRC_OVR (bus 0 bus_irq 0 global_irq 2 dfl dfl)
2026-01-09T09:05:40.842708+00:00 Ubuntu kernel: ACPI: INT_SRC_OVR (bus 0 bus_irq 9 global_irq 9 low level)
2026-01-09T09:05:40.842708+00:00 Ubuntu kernel: ACPI: Using ACPI (MADT) for SMP configuration information
2026-01-09T09:05:40.842708+00:00 Ubuntu kernel: smpboot: Allowing 4 CPUs, 0 hotplug CPUs
2026-01-09T09:05:40.842708+00:00 Ubuntu kernel: PM: hibernation: Registered nosave memory: [mem 0x00000000-0x00000fff]
2026-01-09T09:05:40.842708+00:00 Ubuntu kernel: PM: hibernation: Registered nosave memory: [mem 0x0009f000-0x0009ffff]
2026-01-09T09:05:40.842710+00:00 Ubuntu kernel: PM: hibernation: Registered nosave memory: [mem 0x000a0000-0x000effff]
2026-01-09T09:05:40.842710+00:00 Ubuntu kernel: PM: hibernation: Registered nosave memory: [mem 0x000f0000-0x000fffff]
2026-01-09T09:05:40.842710+00:00 Ubuntu kernel: PM: hibernation: Registered nosave memory: [mem 0xdfff0000-0xdfffffff]
2026-01-09T09:05:40.842710+00:00 Ubuntu kernel: PM: hibernation: Registered nosave memory: [mem 0xe0000000-0xfebfffff]
2026-01-09T09:05:40.842711+00:00 Ubuntu kernel: PM: hibernation: Registered nosave memory: [mem 0xfec00000-0xfec00fff]
2026-01-09T09:05:40.842711+00:00 Ubuntu kernel: PM: hibernation: Registered nosave memory: [mem 0xfec01000-0xfedfffff]
2026-01-09T09:05:40.842712+00:00 Ubuntu kernel: PM: hibernation: Registered nosave memory: [mem 0xfee00000-0xfee00fff]
2026-01-09T09:05:40.842712+00:00 Ubuntu kernel: PM: hibernation: Registered nosave memory: [mem 0xfee01000-0xfffbffff]
2026-01-09T09:05:40.842712+00:00 Ubuntu kernel: PM: hibernation: Registered nosave memory: [mem 0xfffc0000-0xffffffff]
2026-01-09T09:05:40.842712+00:00 Ubuntu kernel: [mem 0xe0000000-0xfebfffff] available for PCI devices
2026-01-09T09:05:40.842713+00:00 Ubuntu kernel: Booting paravirtualized kernel on KVM
2026-01-09T09:05:40.842713+00:00 Ubuntu kernel: clocksource: refined-jiffies: mask: 0xffffffff max_cycles: 0xffffffff, max_idle_ns: 1910969940391419 ns
2026-01-09T09:05:40.842713+00:00 Ubuntu kernel: setup_percpu: NR_CPUS:8192 nr_cpumask_bits:4 nr_cpu_ids:4 nr_node_ids:1
2026-01-09T09:05:40.842714+00:00 Ubuntu kernel: percpu: Embedded 86 pages/cpu s229376 r8192 d114688 u524288
2026-01-09T09:05:40.842715+00:00 Ubuntu kernel: pcpu-alloc: s229376 r8192 d114688 u524288 alloc=1*2097152
2026-01-09T09:05:40.842715+00:00 Ubuntu kernel: pcpu-alloc: [0] 0 1 2 3 
2026-01-09T09:05:40.842715+00:00 Ubuntu kernel: kvm-guest: PV spinlocks enabled
2026-01-09T09:05:40.842715+00:00 Ubuntu kernel: PV qspinlock hash table entries: 256 (order: 0, 4096 bytes, linear)
2026-01-09T09:05:40.842716+00:00 Ubuntu kernel: Kernel command line: BOOT_IMAGE=/boot/vmlinuz-6.8.0-90-generic root=UUID=916c71b1-9960-4d5d-94ae-1a5fd7237d7f ro quiet splash noprompt noshell automatic-ubiquity debian-installer/locale=en_US keyboard-configuration/layoutcode=us languagechooser/language-name=English localechooser/supported-locales=en_US.UTF-8 countrychooser/shortlist=AU --
2026-01-09T09:05:40.842717+00:00 Ubuntu kernel: Unknown kernel command line parameters "splash noprompt noshell automatic-ubiquity BOOT_IMAGE=/boot/vmlinuz-6.8.0-90-generic debian-installer/locale=en_US keyboard-configuration/layoutcode=us languagechooser/language-name=English localechooser/supported-locales=en_US.UTF-8 countrychooser/shortlist=AU", will be passed to user space.
2026-01-09T09:05:40.842717+00:00 Ubuntu kernel: random: crng init done
2026-01-09T09:05:40.842416+00:00 Ubuntu systemd-modules-load[353]: Inserted module 'msr'
2026-01-09T09:05:40.842744+00:00 Ubuntu kernel: Dentry cache hash table entries: 1048576 (order: 11, 8388608 bytes, linear)
2026-01-09T09:05:40.842744+00:00 Ubuntu kernel: Inode-cache hash table entries: 524288 (order: 10, 4194304 bytes, linear)
2026-01-09T09:05:40.842744+00:00 Ubuntu kernel: Fallback order for Node 0: 0 
2026-01-09T09:05:40.842746+00:00 Ubuntu kernel: Built 1 zonelists, mobility grouping on.  Total pages: 2064112
2026-01-09T09:05:40.842747+00:00 Ubuntu kernel: Policy zone: Normal
2026-01-09T09:05:40.842747+00:00 Ubuntu kernel: mem auto-init: stack:all(zero), heap alloc:on, heap free:off
2026-01-09T09:05:40.842747+00:00 Ubuntu kernel: software IO TLB: area num 4.
2026-01-09T09:05:40.842747+00:00 Ubuntu kernel: Memory: 8051912K/8388152K available (22528K kernel code, 4441K rwdata, 14384K rodata, 4912K init, 4796K bss, 335980K reserved, 0K cma-reserved)
2026-01-09T09:05:40.842748+00:00 Ubuntu kernel: SLUB: HWalign=64, Order=0-3, MinObjects=0, CPUs=4, Nodes=1
2026-01-09T09:05:40.842749+00:00 Ubuntu kernel: ftrace: allocating 58192 entries in 228 pages
2026-01-09T09:05:40.842749+00:00 Ubuntu kernel: ftrace: allocated 228 pages with 4 groups
2026-01-09T09:05:40.842749+00:00 Ubuntu kernel: Dynamic Preempt: voluntary
2026-01-09T09:05:40.842749+00:00 Ubuntu kernel: rcu: Preemptible hierarchical RCU implementation.
2026-01-09T09:05:40.842750+00:00 Ubuntu kernel: rcu: 	RCU restricting CPUs from NR_CPUS=8192 to nr_cpu_ids=4.
2026-01-09T09:05:40.842750+00:00 Ubuntu kernel: 	Trampoline variant of Tasks RCU enabled.
2026-01-09T09:05:40.842750+00:00 Ubuntu kernel: 	Rude variant of Tasks RCU enabled.
2026-01-09T09:05:40.842751+00:00 Ubuntu kernel: 	Tracing variant of Tasks RCU enabled.
2026-01-09T09:05:40.842751+00:00 Ubuntu kernel: rcu: RCU calculated value of scheduler-enlistment delay is 100 jiffies.
2026-01-09T09:05:40.842752+00:00 Ubuntu kernel: rcu: Adjusting geometry for rcu_fanout_leaf=16, nr_cpu_ids=4
2026-01-09T09:05:40.842752+00:00 Ubuntu kernel: RCU Tasks: Setting shift to 2 and lim to 1 rcu_task_cb_adjust=1 rcu_task_cpu_ids=4.
2026-01-09T09:05:40.842752+00:00 Ubuntu kernel: RCU Tasks Rude: Setting shift to 2 and lim to 1 rcu_task_cb_adjust=1 rcu_task_cpu_ids=4.
2026-01-09T09:05:40.842752+00:00 Ubuntu kernel: RCU Tasks Trace: Setting shift to 2 and lim to 1 rcu_task_cb_adjust=1 rcu_task_cpu_ids=4.
2026-01-09T09:05:40.842753+00:00 Ubuntu kernel: NR_IRQS: 524544, nr_irqs: 456, preallocated irqs: 16
2026-01-09T09:05:40.842754+00:00 Ubuntu kernel: rcu: srcu_init: Setting srcu_struct sizes based on contention.
2026-01-09T09:05:40.842754+00:00 Ubuntu kernel: Console: colour VGA+ 80x25
2026-01-09T09:05:40.842754+00:00 Ubuntu kernel: printk: legacy console [tty0] enabled
2026-01-09T09:05:40.842754+00:00 Ubuntu kernel: ACPI: Core revision 20230628
2026-01-09T09:05:40.842755+00:00 Ubuntu kernel: APIC: Switch to symmetric I/O mode setup
2026-01-09T09:05:40.842755+00:00 Ubuntu kernel: ..TIMER: vector=0x30 apic1=0 pin1=2 apic2=-1 pin2=-1
2026-01-09T09:05:40.842756+00:00 Ubuntu kernel: clocksource: tsc-early: mask: 0xffffffffffffffff max_cycles: 0x23fa772cf26, max_idle_ns: 440795269835 ns
2026-01-09T09:05:40.842756+00:00 Ubuntu kernel: Calibrating delay loop (skipped) preset value.. 4992.00 BogoMIPS (lpj=2496000)
2026-01-09T09:05:40.842756+00:00 Ubuntu kernel: Last level iTLB entries: 4KB 0, 2MB 0, 4MB 0
2026-01-09T09:05:40.842757+00:00 Ubuntu kernel: Last level dTLB entries: 4KB 0, 2MB 0, 4MB 0, 1GB 0
2026-01-09T09:05:40.842757+00:00 Ubuntu kernel: Spectre V1 : Mitigation: usercopy/swapgs barriers and __user pointer sanitization
2026-01-09T09:05:40.842757+00:00 Ubuntu kernel: Spectre V2 : Spectre BHI mitigation: SW BHB clearing on vm exit
2026-01-09T09:05:40.842758+00:00 Ubuntu kernel: Spectre V2 : Spectre BHI mitigation: SW BHB clearing on syscall
2026-01-09T09:05:40.842759+00:00 Ubuntu kernel: Spectre V2 : Mitigation: Enhanced / Automatic IBRS
2026-01-09T09:05:40.842759+00:00 Ubuntu kernel: Spectre V2 : Spectre v2 / SpectreRSB mitigation: Filling RSB on context switch
2026-01-09T09:05:40.842759+00:00 Ubuntu kernel: Spectre V2 : Spectre v2 / PBRSB-eIBRS: Retire a single CALL on VMEXIT
2026-01-09T09:05:40.842759+00:00 Ubuntu kernel: RETBleed: Mitigation: Enhanced IBRS
2026-01-09T09:05:40.842759+00:00 Ubuntu kernel: Speculative Store Bypass: Vulnerable
2026-01-09T09:05:40.842760+00:00 Ubuntu kernel: Register File Data Sampling: Vulnerable: No microcode
2026-01-09T09:05:40.842762+00:00 Ubuntu kernel: x86/fpu: Supporting XSAVE feature 0x001: 'x87 floating point registers'
2026-01-09T09:05:40.842762+00:00 Ubuntu kernel: x86/fpu: Supporting XSAVE feature 0x002: 'SSE registers'
2026-01-09T09:05:40.842762+00:00 Ubuntu kernel: x86/fpu: Supporting XSAVE feature 0x004: 'AVX registers'
2026-01-09T09:05:40.842762+00:00 Ubuntu kernel: x86/fpu: xstate_offset[2]:  576, xstate_sizes[2]:  256
2026-01-09T09:05:40.842763+00:00 Ubuntu kernel: x86/fpu: Enabled xstate features 0x7, context size is 832 bytes, using 'standard' format.
2026-01-09T09:05:40.842763+00:00 Ubuntu kernel: Freeing SMP alternatives memory: 48K
2026-01-09T09:05:40.842764+00:00 Ubuntu kernel: pid_max: default: 32768 minimum: 301
2026-01-09T09:05:40.842764+00:00 Ubuntu kernel: LSM: initializing lsm=lockdown,capability,landlock,yama,apparmor,integrity
2026-01-09T09:05:40.842765+00:00 Ubuntu kernel: landlock: Up and running.
2026-01-09T09:05:40.842765+00:00 Ubuntu kernel: Yama: becoming mindful.
2026-01-09T09:05:40.842758+00:00 Ubuntu systemd[1]: modprobe@fuse.service: Deactivated successfully.
2026-01-09T09:05:40.842765+00:00 Ubuntu kernel: AppArmor: AppArmor initialized
2026-01-09T09:05:40.842766+00:00 Ubuntu kernel: Mount-cache hash table entries: 16384 (order: 5, 131072 bytes, linear)
2026-01-09T09:05:40.842767+00:00 Ubuntu kernel: Mountpoint-cache hash table entries: 16384 (order: 5, 131072 bytes, linear)
2026-01-09T09:05:40.842767+00:00 Ubuntu systemd[1]: Finished modprobe@fuse.service - Load Kernel Module fuse.
2026-01-09T09:05:40.842768+00:00 Ubuntu kernel: smpboot: CPU0: 13th Gen Intel(R) Core(TM) i5-13400F (family: 0x6, model: 0xbf, stepping: 0x2)
2026-01-09T09:05:40.842768+00:00 Ubuntu kernel: Performance Events: unsupported p6 CPU model 191 no PMU driver, software events only.
2026-01-09T09:05:40.842768+00:00 Ubuntu kernel: signal: max sigframe size: 1776
2026-01-09T09:05:40.842768+00:00 Ubuntu kernel: rcu: Hierarchical SRCU implementation.
2026-01-09T09:05:40.842769+00:00 Ubuntu kernel: rcu: 	Max phase no-delay instances is 400.
2026-01-09T09:05:40.842770+00:00 Ubuntu kernel: NMI watchdog: Perf NMI watchdog permanently disabled
2026-01-09T09:05:40.842770+00:00 Ubuntu kernel: smp: Bringing up secondary CPUs ...
2026-01-09T09:05:40.842770+00:00 Ubuntu kernel: smpboot: x86: Booting SMP configuration:
2026-01-09T09:05:40.842770+00:00 Ubuntu kernel: .... node  #0, CPUs:      #1 #2 #3
2026-01-09T09:05:40.842771+00:00 Ubuntu kernel: smp: Brought up 1 node, 4 CPUs
2026-01-09T09:05:40.842769+00:00 Ubuntu systemd-modules-load[353]: Inserted module 'dm_multipath'
2026-01-09T09:05:40.842771+00:00 Ubuntu kernel: smpboot: Max logical packages: 1
2026-01-09T09:05:40.842772+00:00 Ubuntu kernel: smpboot: Total of 4 processors activated (19968.00 BogoMIPS)
2026-01-09T09:05:40.842772+00:00 Ubuntu systemd[1]: Finished systemd-modules-load.service - Load Kernel Modules.
2026-01-09T09:05:40.842773+00:00 Ubuntu kernel: devtmpfs: initialized
2026-01-09T09:05:40.842773+00:00 Ubuntu kernel: x86/mm: Memory block size: 128MB
2026-01-09T09:05:40.842773+00:00 Ubuntu kernel: clocksource: jiffies: mask: 0xffffffff max_cycles: 0xffffffff, max_idle_ns: 1911260446275000 ns
2026-01-09T09:05:40.842774+00:00 Ubuntu kernel: futex hash table entries: 1024 (order: 4, 65536 bytes, linear)
2026-01-09T09:05:40.842774+00:00 Ubuntu kernel: pinctrl core: initialized pinctrl subsystem
2026-01-09T09:05:40.842774+00:00 Ubuntu kernel: PM: RTC time: 09:05:31, date: 2026-01-09
2026-01-09T09:05:40.842774+00:00 Ubuntu systemd[1]: Finished systemd-tmpfiles-setup-dev-early.service - Create Static Device Nodes in /dev gracefully.
2026-01-09T09:05:40.842775+00:00 Ubuntu kernel: NET: Registered PF_NETLINK/PF_ROUTE protocol family
2026-01-09T09:05:40.842776+00:00 Ubuntu kernel: DMA: preallocated 1024 KiB GFP_KERNEL pool for atomic allocations
2026-01-09T09:05:40.842775+00:00 Ubuntu systemd[1]: Finished lvm2-monitor.service - Monitoring of LVM2 mirrors, snapshots etc. using dmeventd or progress polling.
2026-01-09T09:05:40.842776+00:00 Ubuntu kernel: DMA: preallocated 1024 KiB GFP_KERNEL|GFP_DMA pool for atomic allocations
2026-01-09T09:05:40.842777+00:00 Ubuntu kernel: DMA: preallocated 1024 KiB GFP_KERNEL|GFP_DMA32 pool for atomic allocations
2026-01-09T09:05:40.842777+00:00 Ubuntu kernel: audit: initializing netlink subsys (disabled)
2026-01-09T09:05:40.842777+00:00 Ubuntu kernel: audit: type=2000 audit(1767949894.871:1): state=initialized audit_enabled=0 res=1
2026-01-09T09:05:40.842777+00:00 Ubuntu kernel: thermal_sys: Registered thermal governor 'fair_share'
2026-01-09T09:05:40.842779+00:00 Ubuntu kernel: thermal_sys: Registered thermal governor 'bang_bang'
2026-01-09T09:05:40.842779+00:00 Ubuntu kernel: thermal_sys: Registered thermal governor 'step_wise'
2026-01-09T09:05:40.842779+00:00 Ubuntu kernel: thermal_sys: Registered thermal governor 'user_space'
2026-01-09T09:05:40.842779+00:00 Ubuntu kernel: thermal_sys: Registered thermal governor 'power_allocator'
2026-01-09T09:05:40.842779+00:00 Ubuntu kernel: cpuidle: using governor ladder
2026-01-09T09:05:40.842780+00:00 Ubuntu kernel: cpuidle: using governor menu
2026-01-09T09:05:40.842777+00:00 Ubuntu systemd[1]: Finished systemd-random-seed.service - Load/Save OS Random Seed.
2026-01-09T09:05:40.842781+00:00 Ubuntu kernel: acpiphp: ACPI Hot Plug PCI Controller Driver version: 0.5
2026-01-09T09:05:40.842781+00:00 Ubuntu kernel: PCI: Using configuration type 1 for base access
2026-01-09T09:05:40.842781+00:00 Ubuntu kernel: mtrr: your CPUs had inconsistent variable MTRR settings
2026-01-09T09:05:40.842782+00:00 Ubuntu kernel: mtrr: probably your BIOS does not setup all CPUs.
2026-01-09T09:05:40.842781+00:00 Ubuntu systemd[1]: Mounting sys-fs-fuse-connections.mount - FUSE Control File System...
2026-01-09T09:05:40.842782+00:00 Ubuntu kernel: mtrr: corrected configuration.
2026-01-09T09:05:40.842783+00:00 Ubuntu kernel: kprobes: kprobe jump-optimization is enabled. All kprobes are optimized if possible.
2026-01-09T09:05:40.842783+00:00 Ubuntu systemd[1]: Starting systemd-journal-flush.service - Flush Journal to Persistent Storage...
2026-01-09T09:05:40.842784+00:00 Ubuntu kernel: HugeTLB: registered 2.00 MiB page size, pre-allocated 0 pages
2026-01-09T09:05:40.842785+00:00 Ubuntu kernel: HugeTLB: 28 KiB vmemmap can be freed for a 2.00 MiB page
2026-01-09T09:05:40.842785+00:00 Ubuntu kernel: ACPI: Added _OSI(Module Device)
2026-01-09T09:05:40.842785+00:00 Ubuntu kernel: ACPI: Added _OSI(Processor Device)
2026-01-09T09:05:40.842786+00:00 Ubuntu kernel: ACPI: Added _OSI(3.0 _SCP Extensions)
2026-01-09T09:05:40.842786+00:00 Ubuntu kernel: ACPI: Added _OSI(Processor Aggregator Device)
2026-01-09T09:05:40.842785+00:00 Ubuntu systemd[1]: Starting systemd-sysctl.service - Apply Kernel Variables...
2026-01-09T09:05:40.842786+00:00 Ubuntu kernel: ACPI: 2 ACPI AML tables successfully acquired and loaded
2026-01-09T09:05:40.842788+00:00 Ubuntu systemd[1]: Starting systemd-sysusers.service - Create System Users...
2026-01-09T09:05:40.842789+00:00 Ubuntu kernel: ACPI: _OSC evaluation for CPUs failed, trying _PDC
2026-01-09T09:05:40.842789+00:00 Ubuntu kernel: ACPI: Interpreter enabled
2026-01-09T09:05:40.842789+00:00 Ubuntu systemd[1]: Finished systemd-udev-trigger.service - Coldplug All udev Devices.
2026-01-09T09:05:40.842790+00:00 Ubuntu kernel: ACPI: PM: (supports S0 S5)
2026-01-09T09:05:40.842790+00:00 Ubuntu kernel: ACPI: Using IOAPIC for interrupt routing
2026-01-09T09:05:40.842791+00:00 Ubuntu kernel: PCI: Using host bridge windows from ACPI; if necessary, use "pci=nocrs" and report a bug
2026-01-09T09:05:40.842791+00:00 Ubuntu kernel: PCI: Using E820 reservations for host bridge windows
2026-01-09T09:05:40.842791+00:00 Ubuntu systemd[1]: Finished keyboard-setup.service - Set the console keyboard layout.
2026-01-09T09:05:40.842794+00:00 Ubuntu systemd[1]: Mounted sys-fs-fuse-connections.mount - FUSE Control File System.
2026-01-09T09:05:40.842795+00:00 Ubuntu kernel: ACPI: Enabled 2 GPEs in block 00 to 07
2026-01-09T09:05:40.842795+00:00 Ubuntu kernel: ACPI: PCI Root Bridge [PCI0] (domain 0000 [bus 00-ff])
2026-01-09T09:05:40.842796+00:00 Ubuntu kernel: acpi PNP0A03:00: _OSC: OS supports [ASPM ClockPM Segments MSI EDR HPX-Type3]
2026-01-09T09:05:40.842796+00:00 Ubuntu kernel: acpi PNP0A03:00: _OSC: not requesting OS control; OS requires [ExtendedConfig ASPM ClockPM MSI]
2026-01-09T09:05:40.842795+00:00 Ubuntu systemd[1]: Finished systemd-journal-flush.service - Flush Journal to Persistent Storage.
2026-01-09T09:05:40.842796+00:00 Ubuntu kernel: acpi PNP0A03:00: fail to add MMCONFIG information, can't access extended configuration space under this bridge
2026-01-09T09:05:40.842797+00:00 Ubuntu kernel: PCI host bridge to bus 0000:00
2026-01-09T09:05:40.842797+00:00 Ubuntu systemd[1]: Finished systemd-sysctl.service - Apply Kernel Variables.
2026-01-09T09:05:40.842799+00:00 Ubuntu systemd[1]: Finished systemd-sysusers.service - Create System Users.
2026-01-09T09:05:40.842801+00:00 Ubuntu multipathd[376]: multipathd v0.9.4: start up
2026-01-09T09:05:40.842803+00:00 Ubuntu systemd[1]: Starting systemd-tmpfiles-setup-dev.service - Create Static Device Nodes in /dev...
2026-01-09T09:05:40.842805+00:00 Ubuntu multipathd[376]: reconfigure: setting up paths and maps
2026-01-09T09:05:40.842807+00:00 Ubuntu systemd[1]: Finished systemd-tmpfiles-setup-dev.service - Create Static Device Nodes in /dev.
2026-01-09T09:05:40.842808+00:00 Ubuntu systemd[1]: Starting systemd-udevd.service - Rule-based Manager for Device Events and Files...
2026-01-09T09:05:40.842810+00:00 Ubuntu systemd[1]: Started multipathd.service - Device-Mapper Multipath Device Controller.
2026-01-09T09:05:40.842811+00:00 Ubuntu systemd[1]: Reached target local-fs-pre.target - Preparation for Local File Systems.
2026-01-09T09:05:40.842813+00:00 Ubuntu systemd[1]: Reached target local-fs.target - Local File Systems.
2026-01-09T09:05:40.842815+00:00 Ubuntu systemd[1]: Listening on systemd-sysext.socket - System Extension Image Management (Varlink).
2026-01-09T09:05:40.842817+00:00 Ubuntu systemd[1]: Starting apparmor.service - Load AppArmor profiles...
2026-01-09T09:05:40.842818+00:00 Ubuntu systemd[1]: Starting console-setup.service - Set console font and keymap...
2026-01-09T09:05:40.842819+00:00 Ubuntu systemd[1]: Starting finalrd.service - Create final runtime dir for shutdown pivot root...
2026-01-09T09:05:40.842821+00:00 Ubuntu systemd[1]: Starting ldconfig.service - Rebuild Dynamic Linker Cache...
2026-01-09T09:05:40.842822+00:00 Ubuntu systemd[1]: Starting plymouth-read-write.service - Tell Plymouth To Write Out Runtime Data...
2026-01-09T09:05:40.842825+00:00 Ubuntu systemd[1]: Starting systemd-binfmt.service - Set Up Additional Binary Formats...
2026-01-09T09:05:40.842826+00:00 Ubuntu systemd[1]: Starting systemd-tmpfiles-setup.service - Create Volatile Files and Directories...
2026-01-09T09:05:40.842827+00:00 Ubuntu apparmor.systemd[421]: Restarting AppArmor
2026-01-09T09:05:40.842829+00:00 Ubuntu systemd[1]: Starting ufw.service - Uncomplicated firewall...
2026-01-09T09:05:40.842831+00:00 Ubuntu systemd[1]: Finished console-setup.service - Set console font and keymap.
2026-01-09T09:05:40.842832+00:00 Ubuntu systemd[1]: Finished finalrd.service - Create final runtime dir for shutdown pivot root.
2026-01-09T09:05:40.842834+00:00 Ubuntu systemd-udevd[420]: Using default interface naming scheme 'v255'.
2026-01-09T09:05:40.842836+00:00 Ubuntu systemd[1]: proc-sys-fs-binfmt_misc.automount: Got automount request for /proc/sys/fs/binfmt_misc, triggered by 430 (systemd-binfmt)
2026-01-09T09:05:40.842837+00:00 Ubuntu apparmor.systemd[421]: /lib/apparmor/apparmor.systemd: 148: [: Illegal number: yes
2026-01-09T09:05:40.842838+00:00 Ubuntu apparmor.systemd[421]: Reloading AppArmor profiles
2026-01-09T09:05:40.842840+00:00 Ubuntu systemd[1]: Mounting proc-sys-fs-binfmt_misc.mount - Arbitrary Executable File Formats File System...
2026-01-09T09:05:40.842872+00:00 Ubuntu systemd[1]: Finished ufw.service - Uncomplicated firewall.
2026-01-09T09:05:40.842873+00:00 Ubuntu systemd[1]: Finished plymouth-read-write.service - Tell Plymouth To Write Out Runtime Data.
2026-01-09T09:05:40.842875+00:00 Ubuntu systemd[1]: Received SIGRTMIN+20 from PID 240 (plymouthd).
2026-01-09T09:05:40.842877+00:00 Ubuntu systemd[1]: Mounted proc-sys-fs-binfmt_misc.mount - Arbitrary Executable File Formats File System.
2026-01-09T09:05:40.842879+00:00 Ubuntu systemd[1]: Finished systemd-binfmt.service - Set Up Additional Binary Formats.
2026-01-09T09:05:40.842882+00:00 Ubuntu systemd[1]: Finished systemd-tmpfiles-setup.service - Create Volatile Files and Directories.
2026-01-09T09:05:40.842885+00:00 Ubuntu systemd[1]: systemd-firstboot.service - First Boot Wizard was skipped because of an unmet condition check (ConditionFirstBoot=yes).
2026-01-09T09:05:40.842887+00:00 Ubuntu systemd[1]: first-boot-complete.target - First Boot Complete was skipped because of an unmet condition check (ConditionFirstBoot=yes).
2026-01-09T09:05:40.842889+00:00 Ubuntu systemd[1]: Starting systemd-journal-catalog-update.service - Rebuild Journal Catalog...
2026-01-09T09:05:40.842892+00:00 Ubuntu systemd[1]: systemd-machine-id-commit.service - Commit a transient machine-id on disk was skipped because of an unmet condition check (ConditionPathIsMountPoint=/etc/machine-id).
2026-01-09T09:05:40.842894+00:00 Ubuntu systemd[1]: Starting systemd-resolved.service - Network Name Resolution...
2026-01-09T09:05:40.842896+00:00 Ubuntu systemd[1]: Starting systemd-timesyncd.service - Network Time Synchronization...
2026-01-09T09:05:40.842900+00:00 Ubuntu systemd[1]: Starting systemd-update-utmp.service - Record System Boot/Shutdown in UTMP...
2026-01-09T09:05:40.842902+00:00 Ubuntu systemd[1]: Finished ldconfig.service - Rebuild Dynamic Linker Cache.
2026-01-09T09:05:40.842906+00:00 Ubuntu systemd[1]: Finished systemd-update-utmp.service - Record System Boot/Shutdown in UTMP.
2026-01-09T09:05:40.842908+00:00 Ubuntu systemd[1]: Finished systemd-journal-catalog-update.service - Rebuild Journal Catalog.
2026-01-09T09:05:40.842910+00:00 Ubuntu systemd[1]: Starting systemd-update-done.service - Update is Completed...
2026-01-09T09:05:40.842913+00:00 Ubuntu systemd[1]: Started systemd-udevd.service - Rule-based Manager for Device Events and Files.
2026-01-09T09:05:40.842915+00:00 Ubuntu systemd[1]: Finished systemd-update-done.service - Update is Completed.
2026-01-09T09:05:40.842917+00:00 Ubuntu systemd[1]: Starting plymouth-start.service - Show Plymouth Boot Screen...
2026-01-09T09:05:40.844400+00:00 Ubuntu systemd-resolved[458]: Positive Trust Anchors:
2026-01-09T09:05:40.844408+00:00 Ubuntu systemd-resolved[458]: . IN DS 20326 8 2 e06d44b80b8f1d39a95c0b0d7c65d08458e880409bbc683457104237c7f8ec8d
2026-01-09T09:05:40.844410+00:00 Ubuntu systemd-resolved[458]: Negative trust anchors: home.arpa 10.in-addr.arpa 16.172.in-addr.arpa 17.172.in-addr.arpa 18.172.in-addr.arpa 19.172.in-addr.arpa 20.172.in-addr.arpa 21.172.in-addr.arpa 22.172.in-addr.arpa 23.172.in-addr.arpa 24.172.in-addr.arpa 25.172.in-addr.arpa 26.172.in-addr.arpa 27.172.in-addr.arpa 28.172.in-addr.arpa 29.172.in-addr.arpa 30.172.in-addr.arpa 31.172.in-addr.arpa 170.0.0.192.in-addr.arpa 171.0.0.192.in-addr.arpa 168.192.in-addr.arpa d.f.ip6.arpa ipv4only.arpa corp home internal intranet lan local private test
2026-01-09T09:05:40.844412+00:00 Ubuntu systemd[1]: Started systemd-timesyncd.service - Network Time Synchronization.
2026-01-09T09:05:40.844414+00:00 Ubuntu systemd[1]: Reached target time-set.target - System Time Set.
2026-01-09T09:05:40.844416+00:00 Ubuntu systemd[1]: Started plymouth-start.service - Show Plymouth Boot Screen.
2026-01-09T09:05:40.844419+00:00 Ubuntu systemd[1]: systemd-ask-password-console.path - Dispatch Password Requests to Console Directory Watch was skipped because of an unmet condition check (ConditionPathExists=!/run/plymouth/pid).
2026-01-09T09:05:40.844420+00:00 Ubuntu systemd[1]: Started systemd-ask-password-plymouth.path - Forward Password Requests to Plymouth Directory Watch.
2026-01-09T09:05:40.844422+00:00 Ubuntu systemd[1]: Reached target cryptsetup.target - Local Encrypted Volumes.
2026-01-09T09:05:40.844423+00:00 Ubuntu systemd-resolved[458]: Defaulting to hostname 'linux'.
2026-01-09T09:05:40.844425+00:00 Ubuntu systemd[1]: Started systemd-resolved.service - Network Name Resolution.
2026-01-09T09:05:40.844426+00:00 Ubuntu systemd[1]: Reached target nss-lookup.target - Host and Network Name Lookups.
2026-01-09T09:05:40.844428+00:00 Ubuntu systemd[1]: Finished apparmor.service - Load AppArmor profiles.
2026-01-09T09:05:40.844429+00:00 Ubuntu systemd[1]: Starting snapd.apparmor.service - Load AppArmor profiles managed internally by snapd...
2026-01-09T09:05:40.844431+00:00 Ubuntu systemd[1]: vgauth.service - Authentication service for virtual machines hosted on VMware was skipped because of an unmet condition check (ConditionVirtualization=vmware).
2026-01-09T09:05:40.844432+00:00 Ubuntu systemd[1]: open-vm-tools.service - Service for virtual machines hosted on VMware was skipped because of an unmet condition check (ConditionVirtualization=vmware).
2026-01-09T09:05:40.844434+00:00 Ubuntu systemd[1]: Starting cloud-init-local.service - Cloud-init: Local Stage (pre-network)...
2026-01-09T09:05:40.844435+00:00 Ubuntu snapd-apparmor[638]: main.go:143: No profiles to load
2026-01-09T09:05:40.844438+00:00 Ubuntu systemd[1]: Finished snapd.apparmor.service - Load AppArmor profiles managed internally by snapd.
2026-01-09T09:05:40.844439+00:00 Ubuntu systemd[1]: Listening on systemd-rfkill.socket - Load/Save RF Kill Switch Status /dev/rfkill Watch.
2026-01-09T09:05:40.844441+00:00 Ubuntu systemd[1]: Reached target sound.target - Sound Card.
2026-01-09T09:05:40.844443+00:00 Ubuntu cloud-init[707]: Cloud-init v. 25.1.4-0ubuntu0~24.04.1 running 'init-local' at Fri, 09 Jan 2026 09:05:36 +0000. Up 5.47 seconds.
2026-01-09T09:05:40.844445+00:00 Ubuntu systemd[1]: netplan-ovs-cleanup.service - OpenVSwitch configuration for cleanup was skipped because of an unmet condition check (ConditionFileIsExecutable=/usr/bin/ovs-vsctl).
2026-01-09T09:05:40.844450+00:00 Ubuntu systemd[1]: message repeated 2 times: [ netplan-ovs-cleanup.service - OpenVSwitch configuration for cleanup was skipped because of an unmet condition check (ConditionFileIsExecutable=/usr/bin/ovs-vsctl).]
2026-01-09T09:05:40.844453+00:00 Ubuntu systemd[1]: Reloading requested from client PID 717 ('systemctl') (unit cloud-init-local.service)...
2026-01-09T09:05:40.844456+00:00 Ubuntu systemd[1]: Reloading...
2026-01-09T09:05:40.844458+00:00 Ubuntu systemd[1]: Reloading finished in 234 ms.
2026-01-09T09:05:40.844460+00:00 Ubuntu systemd[1]: Finished cloud-init-local.service - Cloud-init: Local Stage (pre-network).
2026-01-09T09:05:40.844461+00:00 Ubuntu systemd[1]: Reached target network-pre.target - Preparation for Network.
2026-01-09T09:05:40.844463+00:00 Ubuntu systemd[1]: Starting systemd-networkd.service - Network Configuration...
2026-01-09T09:05:40.844464+00:00 Ubuntu systemd-networkd[756]: lo: Link UP
2026-01-09T09:05:40.844466+00:00 Ubuntu systemd-networkd[756]: lo: Gained carrier
2026-01-09T09:05:40.844468+00:00 Ubuntu systemd-networkd[756]: Enumeration completed
2026-01-09T09:05:40.844469+00:00 Ubuntu systemd[1]: Started systemd-networkd.service - Network Configuration.
2026-01-09T09:05:40.844471+00:00 Ubuntu systemd[1]: Reached target network.target - Network.
2026-01-09T09:05:40.844472+00:00 Ubuntu systemd-networkd[756]: enp0s3: Configuring with /run/systemd/network/10-netplan-enp0s3.network.
2026-01-09T09:05:40.844474+00:00 Ubuntu systemd[1]: Starting systemd-networkd-wait-online.service - Wait for Network to be Configured...
2026-01-09T09:05:40.844475+00:00 Ubuntu systemd-networkd[756]: enp0s3: Link UP
2026-01-09T09:05:40.844476+00:00 Ubuntu systemd-networkd[756]: enp0s3: Gained carrier
2026-01-09T09:05:40.844478+00:00 Ubuntu systemd-networkd[756]: enp0s3: DHCPv4 address 10.0.2.15/24, gateway 10.0.2.2 acquired from 10.0.2.2
2026-01-09T09:05:40.844479+00:00 Ubuntu systemd-timesyncd[462]: Network configuration changed, trying to establish connection.
2026-01-09T09:05:40.844481+00:00 Ubuntu systemd-timesyncd[462]: Network configuration changed, trying to establish connection.
2026-01-09T09:05:40.844483+00:00 Ubuntu systemd-networkd[756]: enp0s3: Gained IPv6LL
2026-01-09T09:05:40.844485+00:00 Ubuntu systemd-timesyncd[462]: Network configuration changed, trying to establish connection.
2026-01-09T09:05:40.844486+00:00 Ubuntu systemd[1]: Finished systemd-networkd-wait-online.service - Wait for Network to be Configured.
2026-01-09T09:05:40.844487+00:00 Ubuntu systemd[1]: Starting cloud-init.service - Cloud-init: Network Stage...
2026-01-09T09:05:40.844489+00:00 Ubuntu cloud-init[770]: Cloud-init v. 25.1.4-0ubuntu0~24.04.1 running 'init' at Fri, 09 Jan 2026 09:05:38 +0000. Up 7.88 seconds.
2026-01-09T09:05:40.844490+00:00 Ubuntu cloud-init[770]: ci-info: ++++++++++++++++++++++++++++++++++++++Net device info+++++++++++++++++++++++++++++++++++++++
2026-01-09T09:05:40.844492+00:00 Ubuntu cloud-init[770]: ci-info: +--------+------+-----------------------------+---------------+--------+-------------------+
2026-01-09T09:05:40.844493+00:00 Ubuntu cloud-init[770]: ci-info: | Device |  Up  |           Address           |      Mask     | Scope  |     Hw-Address    |
2026-01-09T09:05:40.844495+00:00 Ubuntu cloud-init[770]: ci-info: +--------+------+-----------------------------+---------------+--------+-------------------+
2026-01-09T09:05:40.844496+00:00 Ubuntu cloud-init[770]: ci-info: | enp0s3 | True |          10.0.2.15          | 255.255.255.0 | global | 08:00:27:f2:23:5c |
2026-01-09T09:05:40.844497+00:00 Ubuntu cloud-init[770]: ci-info: | enp0s3 | True | fe80::a00:27ff:fef2:235c/64 |       .       |  link  | 08:00:27:f2:23:5c |
2026-01-09T09:05:40.844499+00:00 Ubuntu cloud-init[770]: ci-info: |   lo   | True |          127.0.0.1          |   255.0.0.0   |  host  |         .         |
2026-01-09T09:05:40.844501+00:00 Ubuntu cloud-init[770]: ci-info: |   lo   | True |           ::1/128           |       .       |  host  |         .         |
2026-01-09T09:05:40.844502+00:00 Ubuntu cloud-init[770]: ci-info: +--------+------+-----------------------------+---------------+--------+-------------------+
2026-01-09T09:05:40.844504+00:00 Ubuntu cloud-init[770]: ci-info: +++++++++++++++++++++++++++++Route IPv4 info+++++++++++++++++++++++++++++
2026-01-09T09:05:40.844508+00:00 Ubuntu cloud-init[770]: ci-info: +-------+--------------+----------+-----------------+-----------+-------+
2026-01-09T09:05:40.844509+00:00 Ubuntu cloud-init[770]: ci-info: | Route | Destination  | Gateway  |     Genmask     | Interface | Flags |
2026-01-09T09:05:40.844510+00:00 Ubuntu cloud-init[770]: ci-info: +-------+--------------+----------+-----------------+-----------+-------+
2026-01-09T09:05:40.844512+00:00 Ubuntu cloud-init[770]: ci-info: |   0   |   0.0.0.0    | 10.0.2.2 |     0.0.0.0     |   enp0s3  |   UG  |
2026-01-09T09:05:40.844513+00:00 Ubuntu cloud-init[770]: ci-info: |   1   |   10.0.2.0   | 0.0.0.0  |  255.255.255.0  |   enp0s3  |   U   |
2026-01-09T09:05:40.844515+00:00 Ubuntu cloud-init[770]: ci-info: |   2   |   10.0.2.2   | 0.0.0.0  | 255.255.255.255 |   enp0s3  |   UH  |
2026-01-09T09:05:40.844517+00:00 Ubuntu cloud-init[770]: ci-info: |   3   | 192.168.50.1 | 10.0.2.2 | 255.255.255.255 |   enp0s3  |  UGH  |
2026-01-09T09:05:40.844519+00:00 Ubuntu cloud-init[770]: ci-info: +-------+--------------+----------+-----------------+-----------+-------+
2026-01-09T09:05:40.844521+00:00 Ubuntu cloud-init[770]: ci-info: +++++++++++++++++++Route IPv6 info+++++++++++++++++++
2026-01-09T09:05:40.844522+00:00 Ubuntu cloud-init[770]: ci-info: +-------+-------------+---------+-----------+-------+
2026-01-09T09:05:40.844524+00:00 Ubuntu cloud-init[770]: ci-info: | Route | Destination | Gateway | Interface | Flags |
2026-01-09T09:05:40.844525+00:00 Ubuntu cloud-init[770]: ci-info: +-------+-------------+---------+-----------+-------+
2026-01-09T09:05:40.844528+00:00 Ubuntu cloud-init[770]: ci-info: |   0   |  fe80::/64  |    ::   |   enp0s3  |   U   |
2026-01-09T09:05:40.844529+00:00 Ubuntu cloud-init[770]: ci-info: |   2   |    local    |    ::   |   enp0s3  |   U   |
2026-01-09T09:05:40.844530+00:00 Ubuntu cloud-init[770]: ci-info: |   3   |  multicast  |    ::   |   enp0s3  |   U   |
2026-01-09T09:05:40.844532+00:00 Ubuntu cloud-init[770]: ci-info: +-------+-------------+---------+-----------+-------+
2026-01-09T09:05:40.844533+00:00 Ubuntu systemd[1]: Reloading requested from client PID 782 ('systemctl') (unit cloud-init.service)...
2026-01-09T09:05:40.844534+00:00 Ubuntu systemd[1]: Reloading...
2026-01-09T09:05:40.844537+00:00 Ubuntu systemd[1]: Reloading finished in 331 ms.
2026-01-09T09:05:40.844538+00:00 Ubuntu systemd-timesyncd[462]: Network configuration changed, trying to establish connection.
2026-01-09T09:05:40.844540+00:00 Ubuntu systemd[1]: netplan-ovs-cleanup.service - OpenVSwitch configuration for cleanup was skipped because of an unmet condition check (ConditionFileIsExecutable=/usr/bin/ovs-vsctl).
2026-01-09T09:05:40.844541+00:00 Ubuntu systemd[1]: systemd-networkd-wait-online.service: Deactivated successfully.
2026-01-09T09:05:40.844543+00:00 Ubuntu systemd[1]: Stopped systemd-networkd-wait-online.service - Wait for Network to be Configured.
2026-01-09T09:05:40.844544+00:00 Ubuntu systemd[1]: Stopping systemd-networkd-wait-online.service - Wait for Network to be Configured...
2026-01-09T09:05:40.844547+00:00 Ubuntu systemd[1]: Stopping systemd-networkd.service - Network Configuration...
2026-01-09T09:05:40.844548+00:00 Ubuntu systemd-timesyncd[462]: Network configuration changed, trying to establish connection.
2026-01-09T09:05:40.844549+00:00 Ubuntu systemd[1]: systemd-networkd.service: Deactivated successfully.
2026-01-09T09:05:40.844551+00:00 Ubuntu systemd[1]: Stopped systemd-networkd.service - Network Configuration.
2026-01-09T09:05:40.844552+00:00 Ubuntu systemd[1]: Starting systemd-networkd.service - Network Configuration...
2026-01-09T09:05:40.844553+00:00 Ubuntu systemd-networkd[836]: lo: Link UP
2026-01-09T09:05:40.844556+00:00 Ubuntu systemd-networkd[836]: lo: Gained carrier
2026-01-09T09:05:40.844557+00:00 Ubuntu systemd-networkd[836]: enp0s3: Link UP
2026-01-09T09:05:40.844558+00:00 Ubuntu systemd-networkd[836]: enp0s3: Gained carrier
2026-01-09T09:05:40.844560+00:00 Ubuntu systemd-networkd[836]: enp0s3: Gained IPv6LL
2026-01-09T09:05:40.844561+00:00 Ubuntu systemd-timesyncd[462]: Network configuration changed, trying to establish connection.
2026-01-09T09:05:40.844562+00:00 Ubuntu systemd-networkd[836]: Enumeration completed
2026-01-09T09:05:40.844565+00:00 Ubuntu systemd[1]: Started systemd-networkd.service - Network Configuration.
2026-01-09T09:05:40.844566+00:00 Ubuntu systemd-timesyncd[462]: Network configuration changed, trying to establish connection.
2026-01-09T09:05:40.844568+00:00 Ubuntu systemd-timesyncd[462]: Network configuration changed, trying to establish connection.
2026-01-09T09:05:40.844570+00:00 Ubuntu systemd-networkd[836]: enp0s3: Configuring with /run/systemd/network/10-netplan-enp0s3.network.
2026-01-09T09:05:40.844571+00:00 Ubuntu systemd[1]: Starting systemd-networkd-wait-online.service - Wait for Network to be Configured...
2026-01-09T09:05:40.844574+00:00 Ubuntu systemd[1]: netplan-ovs-cleanup.service - OpenVSwitch configuration for cleanup was skipped because of an unmet condition check (ConditionFileIsExecutable=/usr/bin/ovs-vsctl).
2026-01-09T09:05:40.844575+00:00 Ubuntu systemd-timesyncd[462]: Network configuration changed, trying to establish connection.
2026-01-09T09:05:40.844577+00:00 Ubuntu systemd-networkd[836]: enp0s3: DHCPv4 address 10.0.2.15/24, gateway 10.0.2.2 acquired from 10.0.2.2
2026-01-09T09:05:40.844578+00:00 Ubuntu systemd-timesyncd[462]: Network configuration changed, trying to establish connection.
2026-01-09T09:05:40.844580+00:00 Ubuntu systemd-timesyncd[462]: Network configuration changed, trying to establish connection.
2026-01-09T09:05:40.844584+00:00 Ubuntu cloud-init[770]: 2026-01-09 09:05:39,776 - loggers.py[DEPRECATED]: Deprecated cloud-config provided: users.0.lock-passwd:  Deprecated in version 22.3. Use **lock_passwd** instead., users.1.lock-passwd:  Deprecated in version 22.3. Use **lock_passwd** instead.
2026-01-09T09:05:40.844586+00:00 Ubuntu systemd[1]: Finished systemd-networkd-wait-online.service - Wait for Network to be Configured.
2026-01-09T09:05:40.844587+00:00 Ubuntu systemd-resolved[458]: System hostname changed to 'Ubuntu'.
2026-01-09T09:05:40.844602+00:00 Ubuntu cloud-init[770]: Generating public/private rsa key pair.
2026-01-09T09:05:40.844604+00:00 Ubuntu cloud-init[770]: Your identification has been saved in /etc/ssh/ssh_host_rsa_key
2026-01-09T09:05:40.844606+00:00 Ubuntu cloud-init[770]: Your public key has been saved in /etc/ssh/ssh_host_rsa_key.pub
2026-01-09T09:05:40.844607+00:00 Ubuntu cloud-init[770]: The key fingerprint is:
2026-01-09T09:05:40.844609+00:00 Ubuntu cloud-init[770]: SHA256:YWlbbqlwOCKD9Ny4Uh6j2wcxpq4mYnJIJWoXHxsiB3Y root@Ubuntu
2026-01-09T09:05:40.844610+00:00 Ubuntu cloud-init[770]: The key's randomart image is:
2026-01-09T09:05:40.844611+00:00 Ubuntu cloud-init[770]: +---[RSA 3072]----+
2026-01-09T09:05:40.844614+00:00 Ubuntu cloud-init[770]: |                 |
2026-01-09T09:05:40.844615+00:00 Ubuntu cloud-init[770]: | o E     .       |
2026-01-09T09:05:40.844616+00:00 Ubuntu cloud-init[770]: |..o     = .      |
2026-01-09T09:05:40.844617+00:00 Ubuntu cloud-init[770]: |.+oOoo + = .     |
2026-01-09T09:05:40.844619+00:00 Ubuntu cloud-init[770]: |o XBB.B S +      |
2026-01-09T09:05:40.844620+00:00 Ubuntu cloud-init[770]: |.++=++ + o       |
2026-01-09T09:05:40.844621+00:00 Ubuntu cloud-init[770]: |++.o.   .        |
2026-01-09T09:05:40.844623+00:00 Ubuntu cloud-init[770]: |=+=  .           |
2026-01-09T09:05:40.844625+00:00 Ubuntu cloud-init[770]: |Oo ..            |
2026-01-09T09:05:40.844626+00:00 Ubuntu cloud-init[770]: +----[SHA256]-----+
2026-01-09T09:05:40.844627+00:00 Ubuntu cloud-init[770]: Generating public/private ecdsa key pair.
2026-01-09T09:05:40.844629+00:00 Ubuntu cloud-init[770]: Your identification has been saved in /etc/ssh/ssh_host_ecdsa_key
2026-01-09T09:05:40.844630+00:00 Ubuntu cloud-init[770]: Your public key has been saved in /etc/ssh/ssh_host_ecdsa_key.pub
2026-01-09T09:05:40.844633+00:00 Ubuntu cloud-init[770]: The key fingerprint is:
2026-01-09T09:05:40.844634+00:00 Ubuntu cloud-init[770]: SHA256:lwSJ2yiW5Izyzv1Cn6cL5WGREp5bDkdHfpcI7kMIqJ0 root@Ubuntu
2026-01-09T09:05:40.844635+00:00 Ubuntu cloud-init[770]: The key's randomart image is:
2026-01-09T09:05:40.844636+00:00 Ubuntu cloud-init[770]: +---[ECDSA 256]---+
2026-01-09T09:05:40.844638+00:00 Ubuntu cloud-init[770]: |   .o .o=.       |
2026-01-09T09:05:40.844639+00:00 Ubuntu cloud-init[770]: |  ...=.*.o . .   |
2026-01-09T09:05:40.844641+00:00 Ubuntu cloud-init[770]: | o *=.*++ + o    |
2026-01-09T09:05:40.844642+00:00 Ubuntu cloud-init[770]: |o E *Bo+.o o     |
2026-01-09T09:05:40.844644+00:00 Ubuntu cloud-init[770]: | o ...= S o      |
2026-01-09T09:05:40.844645+00:00 Ubuntu cloud-init[770]: |  . .+ . o       |
2026-01-09T09:05:40.844646+00:00 Ubuntu cloud-init[770]: | o o....         |
2026-01-09T09:05:40.844707+00:00 Ubuntu cloud-init[770]: |  o o.o .        |
2026-01-09T09:05:40.844773+00:00 Ubuntu cloud-init[770]: |     o++         |
2026-01-09T09:05:40.844778+00:00 Ubuntu cloud-init[770]: +----[SHA256]-----+
2026-01-09T09:05:40.844780+00:00 Ubuntu cloud-init[770]: Generating public/private ed25519 key pair.
2026-01-09T09:05:40.844781+00:00 Ubuntu cloud-init[770]: Your identification has been saved in /etc/ssh/ssh_host_ed25519_key
2026-01-09T09:05:40.844783+00:00 Ubuntu cloud-init[770]: Your public key has been saved in /etc/ssh/ssh_host_ed25519_key.pub
2026-01-09T09:05:40.844784+00:00 Ubuntu cloud-init[770]: The key fingerprint is:
2026-01-09T09:05:40.844785+00:00 Ubuntu cloud-init[770]: SHA256:nBWDw7vXvL1WoOWBzmsZu1QJh1ABGxG5GgP1h6yWUPc root@Ubuntu
2026-01-09T09:05:40.844788+00:00 Ubuntu cloud-init[770]: The key's randomart image is:
2026-01-09T09:05:40.844789+00:00 Ubuntu cloud-init[770]: +--[ED25519 256]--+
2026-01-09T09:05:40.844791+00:00 Ubuntu cloud-init[770]: |       oo.X*o.   |
2026-01-09T09:05:40.844792+00:00 Ubuntu cloud-init[770]: |      ..++.O .   |
2026-01-09T09:05:40.844793+00:00 Ubuntu cloud-init[770]: |      .. o*.E..  |
2026-01-09T09:05:40.844794+00:00 Ubuntu cloud-init[770]: |       o+=...o+. |
2026-01-09T09:05:40.844797+00:00 Ubuntu cloud-init[770]: |        S= = +oo |
2026-01-09T09:05:40.844798+00:00 Ubuntu cloud-init[770]: |       .o . B.. .|
2026-01-09T09:05:40.844799+00:00 Ubuntu cloud-init[770]: |         .  .B . |
2026-01-09T09:05:40.844800+00:00 Ubuntu cloud-init[770]: |           .* o  |
2026-01-09T09:05:40.844802+00:00 Ubuntu cloud-init[770]: |           ..o.. |
2026-01-09T09:05:40.844804+00:00 Ubuntu cloud-init[770]: +----[SHA256]-----+
2026-01-09T09:05:40.844808+00:00 Ubuntu systemd[1]: Finished cloud-init.service - Cloud-init: Network Stage.
2026-01-09T09:05:40.844809+00:00 Ubuntu systemd[1]: Reached target cloud-config.target - Cloud-config availability.
2026-01-09T09:05:40.844810+00:00 Ubuntu systemd[1]: Reached target network-online.target - Network is Online.
2026-01-09T09:05:40.844812+00:00 Ubuntu systemd[1]: Reached target sysinit.target - System Initialization.
2026-01-09T09:05:40.844813+00:00 Ubuntu systemd[1]: apport-autoreport.path - Process error reports when automatic reporting is enabled (file watch) was skipped because of an unmet condition check (ConditionPathExists=/var/lib/apport/autoreport).
2026-01-09T09:05:40.844815+00:00 Ubuntu systemd[1]: tpm-udev.path - Handle dynamically added tpm devices was skipped because of an unmet condition check (ConditionVirtualization=container).
2026-01-09T09:05:40.844821+00:00 Ubuntu systemd[1]: apport-autoreport.timer - Process error reports when automatic reporting is enabled (timer based) was skipped because of an unmet condition check (ConditionPathExists=/var/lib/apport/autoreport).
2026-01-09T09:05:40.844823+00:00 Ubuntu systemd[1]: Started apt-daily.timer - Daily apt download activities.
2026-01-09T09:05:40.844824+00:00 Ubuntu systemd[1]: Started apt-daily-upgrade.timer - Daily apt upgrade and clean activities.
2026-01-09T09:05:40.844825+00:00 Ubuntu systemd[1]: Started dpkg-db-backup.timer - Daily dpkg database backup timer.
2026-01-09T09:05:40.844826+00:00 Ubuntu systemd[1]: Started e2scrub_all.timer - Periodic ext4 Online Metadata Check for All Filesystems.
2026-01-09T09:05:40.844828+00:00 Ubuntu systemd[1]: Started fstrim.timer - Discard unused filesystem blocks once a week.
2026-01-09T09:05:40.844831+00:00 Ubuntu systemd[1]: Started fwupd-refresh.timer - Refresh fwupd metadata regularly.
2026-01-09T09:05:40.844832+00:00 Ubuntu systemd[1]: Started logrotate.timer - Daily rotation of log files.
2026-01-09T09:05:40.844834+00:00 Ubuntu systemd[1]: Started man-db.timer - Daily man-db regeneration.
2026-01-09T09:05:40.844835+00:00 Ubuntu systemd[1]: Started motd-news.timer - Message of the Day.
2026-01-09T09:05:40.844837+00:00 Ubuntu systemd[1]: snapd.snap-repair.timer - Timer to automatically fetch and run repair assertions was skipped because no trigger condition checks were met.
2026-01-09T09:05:40.844838+00:00 Ubuntu systemd[1]: Started sysstat-collect.timer - Run system activity accounting tool every 10 minutes.
2026-01-09T09:05:40.844841+00:00 Ubuntu systemd[1]: Started sysstat-summary.timer - Generate summary of yesterday's process accounting.
2026-01-09T09:05:40.844842+00:00 Ubuntu systemd[1]: Started systemd-tmpfiles-clean.timer - Daily Cleanup of Temporary Directories.
2026-01-09T09:05:40.844844+00:00 Ubuntu systemd[1]: ua-timer.timer - Ubuntu Pro Timer for running repeated jobs was skipped because of an unmet condition check (ConditionPathExists=/var/lib/ubuntu-advantage/private/machine-token.json).
2026-01-09T09:05:40.844845+00:00 Ubuntu systemd[1]: Started update-notifier-download.timer - Download data for packages that failed at package install time.
2026-01-09T09:05:40.844847+00:00 Ubuntu systemd[1]: Started update-notifier-motd.timer - Check to see whether there is a new version of Ubuntu available.
2026-01-09T09:05:40.844850+00:00 Ubuntu systemd[1]: Reached target paths.target - Path Units.
2026-01-09T09:05:40.844851+00:00 Ubuntu systemd[1]: Reached target timers.target - Timer Units.
2026-01-09T09:05:40.844852+00:00 Ubuntu systemd[1]: apport-forward.socket - Unix socket for apport crash forwarding was skipped because of an unmet condition check (ConditionVirtualization=container).
2026-01-09T09:05:40.844853+00:00 Ubuntu systemd[1]: Listening on cloud-init-hotplugd.socket - cloud-init hotplug hook socket.
2026-01-09T09:05:40.844855+00:00 Ubuntu systemd[1]: Listening on dbus.socket - D-Bus System Message Bus Socket.
2026-01-09T09:05:40.844856+00:00 Ubuntu systemd[1]: Listening on iscsid.socket - Open-iSCSI iscsid Socket.
2026-01-09T09:05:40.844859+00:00 Ubuntu systemd[1]: Starting lxd-installer.socket - Helper to install lxd snap on demand...
2026-01-09T09:05:40.844860+00:00 Ubuntu systemd-timesyncd[462]: Network configuration changed, trying to establish connection.
2026-01-09T09:05:40.844862+00:00 Ubuntu systemd[1]: Starting snapd.socket - Socket activation for snappy daemon...
2026-01-09T09:05:40.844863+00:00 Ubuntu systemd[1]: Listening on uuidd.socket - UUID daemon activation socket.
2026-01-09T09:05:40.844865+00:00 Ubuntu systemd[1]: open-iscsi.service - Login to default iSCSI targets was skipped because no trigger condition checks were met.
2026-01-09T09:05:40.844866+00:00 Ubuntu systemd[1]: Reached target remote-fs-pre.target - Preparation for Remote File Systems.
2026-01-09T09:05:40.844869+00:00 Ubuntu systemd[1]: Reached target remote-fs.target - Remote File Systems.
2026-01-09T09:05:40.844870+00:00 Ubuntu systemd[1]: Finished blk-availability.service - Availability of block devices.
2026-01-09T09:05:40.844872+00:00 Ubuntu systemd[1]: systemd-pcrphase-sysinit.service - TPM2 PCR Barrier (Initialization) was skipped because of an unmet condition check (ConditionSecurity=measured-uki).
2026-01-09T09:05:40.844873+00:00 Ubuntu systemd[1]: Listening on lxd-installer.socket - Helper to install lxd snap on demand.
2026-01-09T09:05:40.844874+00:00 Ubuntu systemd[1]: Listening on snapd.socket - Socket activation for snappy daemon.
2026-01-09T09:05:40.844877+00:00 Ubuntu systemd[1]: Reached target sockets.target - Socket Units.
2026-01-09T09:05:40.844879+00:00 Ubuntu systemd[1]: Reached target basic.target - Basic System.
2026-01-09T09:05:40.844880+00:00 Ubuntu systemd[1]: Starting apport.service - automatic crash report generation...
2026-01-09T09:05:40.844882+00:00 Ubuntu systemd[1]: Starting cloud-config.service - Cloud-init: Config Stage...
2026-01-09T09:05:40.844883+00:00 Ubuntu systemd[1]: Started cron.service - Regular background program processing daemon.
2026-01-09T09:05:40.844885+00:00 Ubuntu systemd[1]: Starting dbus.service - D-Bus System Message Bus...
2026-01-09T09:05:40.844886+00:00 Ubuntu systemd[1]: Started dmesg.service - Save initial kernel messages after boot.
2026-01-09T09:05:40.844889+00:00 Ubuntu (cron)[879]: cron.service: Referenced but unset environment variable evaluates to an empty string: EXTRA_OPTS
2026-01-09T09:05:40.844891+00:00 Ubuntu systemd[1]: Starting e2scrub_reap.service - Remove Stale Online ext4 Metadata Check Snapshots...
2026-01-09T09:05:40.844892+00:00 Ubuntu systemd[1]: getty-static.service - getty on tty2-tty6 if dbus and logind are not available was skipped because of an unmet condition check (ConditionPathExists=!/usr/bin/dbus-daemon).
2026-01-09T09:05:40.844894+00:00 Ubuntu cron[879]: (CRON) INFO (pidfile fd = 3)
2026-01-09T09:05:40.844895+00:00 Ubuntu systemd[1]: Starting grub-common.service - Record successful boot for GRUB...
2026-01-09T09:05:40.844898+00:00 Ubuntu cron[879]: (CRON) INFO (Running @reboot jobs)
2026-01-09T09:05:40.844902+00:00 Ubuntu systemd[1]: networkd-dispatcher.service - Dispatcher daemon for systemd-networkd was skipped because no trigger condition checks were met.
2026-01-09T09:05:40.844903+00:00 Ubuntu dbus-daemon[880]: dbus[880]: Unknown group "power" in message bus configuration file
2026-01-09T09:05:40.844905+00:00 Ubuntu systemd[1]: Starting polkit.service - Authorization Manager...
2026-01-09T09:05:40.844906+00:00 Ubuntu dbus-daemon[880]: [system] AppArmor D-Bus mediation is enabled
2026-01-09T09:05:40.844908+00:00 Ubuntu systemd[1]: Starting pollinate.service - Pollinate to seed the pseudo random number generator...
2026-01-09T09:05:40.844910+00:00 Ubuntu systemd[1]: Starting rsyslog.service - System Logging Service...
2026-01-09T09:05:40.844912+00:00 Ubuntu systemd[1]: secureboot-db.service - Secure Boot updates for DB and DBX was skipped because of an unmet condition check (ConditionPathExists=/sys/firmware/efi/efivars/db-d719b2cb-3d3a-4596-a3bc-dad00e67656f).
2026-01-09T09:05:40.844914+00:00 Ubuntu systemd[1]: snapd.core-fixup.service - Automatically repair incorrect owner/permissions on core devices was skipped because no trigger condition checks were met.
2026-01-09T09:05:40.844915+00:00 Ubuntu systemd[1]: snapd.recovery-chooser-trigger.service - Wait for the Ubuntu Core chooser trigger was skipped because of an unmet condition check (ConditionKernelCommandLine=snapd_recovery_mode).
2026-01-09T09:05:40.844916+00:00 Ubuntu systemd[1]: Reached target getty-pre.target - Preparation for Logins.
2026-01-09T09:05:40.844920+00:00 Ubuntu systemd[1]: Starting snapd.seeded.service - Wait until snapd is fully seeded...
2026-01-09T09:05:40.844922+00:00 Ubuntu systemd[1]: Starting snapd.service - Snap Daemon...
2026-01-09T09:05:40.844923+00:00 Ubuntu systemd[1]: Starting sysstat.service - Resets System Activity Logs...
2026-01-09T09:05:40.844924+00:00 Ubuntu systemd[1]: Starting systemd-logind.service - User Login Management...
2026-01-09T09:05:40.844926+00:00 Ubuntu systemd[1]: systemd-pcrphase.service - TPM2 PCR Barrier (User) was skipped because of an unmet condition check (ConditionSecurity=measured-uki).
2026-01-09T09:05:40.844927+00:00 Ubuntu systemd[1]: Starting systemd-user-sessions.service - Permit User Sessions...
2026-01-09T09:05:40.844928+00:00 Ubuntu systemd[1]: thermald.service - Thermal Daemon Service was skipped because of an unmet condition check (ConditionVirtualization=no).
2026-01-09T09:05:40.844931+00:00 Ubuntu systemd[1]: ua-reboot-cmds.service - Ubuntu Pro reboot cmds was skipped because of an unmet condition check (ConditionPathExists=/var/lib/ubuntu-advantage/private/machine-token.json).
2026-01-09T09:05:40.844933+00:00 Ubuntu systemd[1]: ubuntu-advantage.service - Ubuntu Pro Background Auto Attach was skipped because no trigger condition checks were met.
2026-01-09T09:05:40.844934+00:00 Ubuntu systemd[1]: Starting udisks2.service - Disk Manager...
2026-01-09T09:05:40.844936+00:00 Ubuntu systemd[1]: Started dbus.service - D-Bus System Message Bus.
2026-01-09T09:05:40.844937+00:00 Ubuntu systemd[1]: Finished sysstat.service - Resets System Activity Logs.
2026-01-09T09:05:40.844941+00:00 Ubuntu systemd[1]: Finished systemd-user-sessions.service - Permit User Sessions.
2026-01-09T09:05:40.844943+00:00 Ubuntu udisksd[896]: udisks daemon version 2.10.1 starting
2026-01-09T09:05:40.844945+00:00 Ubuntu systemd[1]: Starting plymouth-quit-wait.service - Hold until boot process finishes up...
2026-01-09T09:05:40.844946+00:00 Ubuntu systemd[1]: Starting plymouth-quit.service - Terminate Plymouth Boot Screen...
2026-01-09T09:05:40.844955+00:00 Ubuntu systemd[1]: Started systemd-logind.service - User Login Management.
2026-01-09T09:05:40.844956+00:00 Ubuntu systemd[1]: e2scrub_reap.service: Deactivated successfully.
2026-01-09T09:05:40.844958+00:00 Ubuntu systemd[1]: Finished e2scrub_reap.service - Remove Stale Online ext4 Metadata Check Snapshots.
2026-01-09T09:05:40.844959+00:00 Ubuntu systemd[1]: Finished plymouth-quit-wait.service - Hold until boot process finishes up.
2026-01-09T09:05:40.844962+00:00 Ubuntu systemd[1]: Finished plymouth-quit.service - Terminate Plymouth Boot Screen.
2026-01-09T09:05:40.844964+00:00 Ubuntu systemd[1]: grub-common.service: Deactivated successfully.
2026-01-09T09:05:40.844965+00:00 Ubuntu systemd[1]: Finished grub-common.service - Record successful boot for GRUB.
2026-01-09T09:05:40.844966+00:00 Ubuntu polkitd[885]: Started polkitd version 124
2026-01-09T09:05:40.844968+00:00 Ubuntu systemd[1]: Received SIGRTMIN+21 from PID 240 (n/a).
2026-01-09T09:05:40.844973+00:00 Ubuntu dbus-daemon[880]: [system] Activating via systemd: service name='org.freedesktop.PolicyKit1' unit='polkit.service' requested by ':1.4' (uid=0 pid=896 comm="/usr/libexec/udisks2/udisksd" label="unconfined")
2026-01-09T09:05:40.844974+00:00 Ubuntu systemd[1]: Starting grub-initrd-fallback.service - GRUB failed boot detection...
2026-01-09T09:05:40.844977+00:00 Ubuntu dbus-daemon[880]: [system] Successfully activated service 'org.freedesktop.PolicyKit1'
2026-01-09T09:05:40.844981+00:00 Ubuntu systemd[1]: Starting setvtrgb.service - Set console scheme...
2026-01-09T09:05:40.810725+00:00 Ubuntu systemd[1]: Started unattended-upgrades.service - Unattended Upgrades Shutdown.
2026-01-09T09:05:40.840316+00:00 Ubuntu systemd[1]: Started polkit.service - Authorization Manager.
2026-01-09T09:05:40.842287+00:00 Ubuntu rsyslogd: imuxsock: Acquired UNIX socket '/run/systemd/journal/syslog' (fd 3) from systemd.  [v8.2312.0]
2026-01-09T09:05:40.842341+00:00 Ubuntu rsyslogd: rsyslogd's groupid changed to 104
2026-01-09T09:05:40.842355+00:00 Ubuntu rsyslogd: rsyslogd's userid changed to 103
2026-01-09T09:05:40.842365+00:00 Ubuntu rsyslogd: [origin software="rsyslogd" swVersion="8.2312.0" x-pid="912" x-info="https://www.rsyslog.com"] start
2026-01-09T09:05:40.847455+00:00 Ubuntu systemd[1]: Starting ModemManager.service - Modem Manager...
2026-01-09T09:05:40.847634+00:00 Ubuntu systemd[1]: Started rsyslog.service - System Logging Service.
2026-01-09T09:05:40.848103+00:00 Ubuntu systemd[1]: Finished setvtrgb.service - Set console scheme.
2026-01-09T09:05:40.842936+00:00 Ubuntu kernel: pci_bus 0000:00: root bus resource [io  0x0000-0x0cf7 window]
2026-01-09T09:05:40.850319+00:00 Ubuntu kernel: pci_bus 0000:00: root bus resource [io  0x0d00-0xffff window]
2026-01-09T09:05:40.850323+00:00 Ubuntu kernel: pci_bus 0000:00: root bus resource [mem 0x000a0000-0x000bffff window]
2026-01-09T09:05:40.850324+00:00 Ubuntu kernel: pci_bus 0000:00: root bus resource [mem 0xe0000000-0xfdffffff window]
2026-01-09T09:05:40.850324+00:00 Ubuntu kernel: pci_bus 0000:00: root bus resource [bus 00-ff]
2026-01-09T09:05:40.850325+00:00 Ubuntu kernel: pci 0000:00:00.0: [8086:1237] type 00 class 0x060000 conventional PCI endpoint
2026-01-09T09:05:40.850325+00:00 Ubuntu kernel: pci 0000:00:01.0: [8086:7000] type 00 class 0x060100 conventional PCI endpoint
2026-01-09T09:05:40.850326+00:00 Ubuntu kernel: pci 0000:00:01.1: [8086:7111] type 00 class 0x01018a conventional PCI endpoint
2026-01-09T09:05:40.850326+00:00 Ubuntu kernel: pci 0000:00:01.1: BAR 4 [io  0xd000-0xd00f]
2026-01-09T09:05:40.850326+00:00 Ubuntu kernel: pci 0000:00:01.1: BAR 0 [io  0x01f0-0x01f7]: legacy IDE quirk
2026-01-09T09:05:40.850327+00:00 Ubuntu kernel: pci 0000:00:01.1: BAR 1 [io  0x03f6]: legacy IDE quirk
2026-01-09T09:05:40.850327+00:00 Ubuntu kernel: pci 0000:00:01.1: BAR 2 [io  0x0170-0x0177]: legacy IDE quirk
2026-01-09T09:05:40.850328+00:00 Ubuntu kernel: pci 0000:00:01.1: BAR 3 [io  0x0376]: legacy IDE quirk
2026-01-09T09:05:40.850328+00:00 Ubuntu kernel: pci 0000:00:02.0: [15ad:0405] type 00 class 0x030000 conventional PCI endpoint
2026-01-09T09:05:40.850329+00:00 Ubuntu kernel: pci 0000:00:02.0: BAR 0 [io  0xd010-0xd01f]
2026-01-09T09:05:40.850329+00:00 Ubuntu kernel: pci 0000:00:02.0: BAR 1 [mem 0xe0000000-0xe0ffffff pref]
2026-01-09T09:05:40.850329+00:00 Ubuntu kernel: pci 0000:00:02.0: BAR 2 [mem 0xf0000000-0xf01fffff]
2026-01-09T09:05:40.850330+00:00 Ubuntu kernel: pci 0000:00:02.0: Video device with shadowed ROM at [mem 0x000c0000-0x000dffff]
2026-01-09T09:05:40.850330+00:00 Ubuntu kernel: pci 0000:00:03.0: [8086:100e] type 00 class 0x020000 conventional PCI endpoint
2026-01-09T09:05:40.850331+00:00 Ubuntu kernel: pci 0000:00:03.0: BAR 0 [mem 0xf0200000-0xf021ffff]
2026-01-09T09:05:40.850331+00:00 Ubuntu kernel: pci 0000:00:03.0: BAR 2 [io  0xd020-0xd027]
2026-01-09T09:05:40.850331+00:00 Ubuntu kernel: pci 0000:00:04.0: [80ee:cafe] type 00 class 0x088000 conventional PCI endpoint
2026-01-09T09:05:40.850332+00:00 Ubuntu kernel: pci 0000:00:04.0: BAR 0 [io  0xd040-0xd05f]
2026-01-09T09:05:40.850332+00:00 Ubuntu kernel: pci 0000:00:04.0: BAR 1 [mem 0xf0400000-0xf07fffff]
2026-01-09T09:05:40.850333+00:00 Ubuntu kernel: pci 0000:00:04.0: BAR 2 [mem 0xf0800000-0xf0803fff pref]
2026-01-09T09:05:40.850333+00:00 Ubuntu kernel: pci 0000:00:05.0: [8086:2415] type 00 class 0x040100 conventional PCI endpoint
2026-01-09T09:05:40.850333+00:00 Ubuntu kernel: pci 0000:00:05.0: BAR 0 [io  0xd100-0xd1ff]
2026-01-09T09:05:40.850334+00:00 Ubuntu kernel: pci 0000:00:05.0: BAR 1 [io  0xd200-0xd23f]
2026-01-09T09:05:40.850334+00:00 Ubuntu kernel: pci 0000:00:06.0: [106b:003f] type 00 class 0x0c0310 conventional PCI endpoint
2026-01-09T09:05:40.850334+00:00 Ubuntu kernel: pci 0000:00:06.0: BAR 0 [mem 0xf0804000-0xf0804fff]
2026-01-09T09:05:40.850335+00:00 Ubuntu kernel: pci 0000:00:07.0: [8086:7113] type 00 class 0x068000 conventional PCI endpoint
2026-01-09T09:05:40.850335+00:00 Ubuntu kernel: pci 0000:00:07.0: quirk: [io  0x4000-0x403f] claimed by PIIX4 ACPI
2026-01-09T09:05:40.850335+00:00 Ubuntu kernel: pci 0000:00:07.0: quirk: [io  0x4100-0x410f] claimed by PIIX4 SMB
2026-01-09T09:05:40.850336+00:00 Ubuntu kernel: pci 0000:00:0b.0: [8086:265c] type 00 class 0x0c0320 conventional PCI endpoint
2026-01-09T09:05:40.850336+00:00 Ubuntu kernel: pci 0000:00:0b.0: BAR 0 [mem 0xf0805000-0xf0805fff]
2026-01-09T09:05:40.850336+00:00 Ubuntu kernel: pci 0000:00:0d.0: [8086:2829] type 00 class 0x010601 conventional PCI endpoint
2026-01-09T09:05:40.850337+00:00 Ubuntu kernel: pci 0000:00:0d.0: BAR 0 [io  0xd240-0xd247]
2026-01-09T09:05:40.850337+00:00 Ubuntu kernel: pci 0000:00:0d.0: BAR 1 [io  0xd248-0xd24b]
2026-01-09T09:05:40.850338+00:00 Ubuntu kernel: pci 0000:00:0d.0: BAR 2 [io  0xd250-0xd257]
2026-01-09T09:05:40.850338+00:00 Ubuntu kernel: pci 0000:00:0d.0: BAR 3 [io  0xd258-0xd25b]
2026-01-09T09:05:40.850338+00:00 Ubuntu kernel: pci 0000:00:0d.0: BAR 4 [io  0xd260-0xd26f]
2026-01-09T09:05:40.850339+00:00 Ubuntu kernel: pci 0000:00:0d.0: BAR 5 [mem 0xf0806000-0xf0807fff]
2026-01-09T09:05:40.850339+00:00 Ubuntu kernel: ACPI: PCI: Interrupt link LNKA configured for IRQ 11
2026-01-09T09:05:40.850340+00:00 Ubuntu kernel: ACPI: PCI: Interrupt link LNKB configured for IRQ 10
2026-01-09T09:05:40.850340+00:00 Ubuntu kernel: ACPI: PCI: Interrupt link LNKC configured for IRQ 9
2026-01-09T09:05:40.850340+00:00 Ubuntu kernel: ACPI: PCI: Interrupt link LNKD configured for IRQ 11
2026-01-09T09:05:40.850341+00:00 Ubuntu kernel: iommu: Default domain type: Translated
2026-01-09T09:05:40.850341+00:00 Ubuntu kernel: iommu: DMA domain TLB invalidation policy: lazy mode
2026-01-09T09:05:40.850342+00:00 Ubuntu kernel: SCSI subsystem initialized
2026-01-09T09:05:40.850342+00:00 Ubuntu kernel: libata version 3.00 loaded.
2026-01-09T09:05:40.850342+00:00 Ubuntu kernel: ACPI: bus type USB registered
2026-01-09T09:05:40.850343+00:00 Ubuntu kernel: usbcore: registered new interface driver usbfs
2026-01-09T09:05:40.850343+00:00 Ubuntu kernel: usbcore: registered new interface driver hub
2026-01-09T09:05:40.850344+00:00 Ubuntu kernel: usbcore: registered new device driver usb
2026-01-09T09:05:40.850344+00:00 Ubuntu kernel: pps_core: LinuxPPS API ver. 1 registered
2026-01-09T09:05:40.850345+00:00 Ubuntu kernel: pps_core: Software ver. 5.3.6 - Copyright 2005-2007 Rodolfo Giometti <giometti@linux.it>
2026-01-09T09:05:40.850616+00:00 Ubuntu kernel: PTP clock support registered
2026-01-09T09:05:40.850618+00:00 Ubuntu kernel: EDAC MC: Ver: 3.0.0
2026-01-09T09:05:40.850618+00:00 Ubuntu kernel: NetLabel: Initializing
2026-01-09T09:05:40.850619+00:00 Ubuntu kernel: NetLabel:  domain hash size = 128
2026-01-09T09:05:40.850619+00:00 Ubuntu kernel: NetLabel:  protocols = UNLABELED CIPSOv4 CALIPSO
2026-01-09T09:05:40.850620+00:00 Ubuntu kernel: NetLabel:  unlabeled traffic allowed by default
2026-01-09T09:05:40.850620+00:00 Ubuntu kernel: mctp: management component transport protocol core
2026-01-09T09:05:40.850620+00:00 Ubuntu kernel: NET: Registered PF_MCTP protocol family
2026-01-09T09:05:40.850621+00:00 Ubuntu kernel: PCI: Using ACPI for IRQ routing
2026-01-09T09:05:40.850621+00:00 Ubuntu kernel: PCI: pci_cache_line_size set to 64 bytes
2026-01-09T09:05:40.850621+00:00 Ubuntu kernel: e820: reserve RAM buffer [mem 0x0009fc00-0x0009ffff]
2026-01-09T09:05:40.850622+00:00 Ubuntu kernel: e820: reserve RAM buffer [mem 0xdfff0000-0xdfffffff]
2026-01-09T09:05:40.850622+00:00 Ubuntu kernel: pci 0000:00:02.0: vgaarb: setting as boot VGA device
2026-01-09T09:05:40.850623+00:00 Ubuntu kernel: pci 0000:00:02.0: vgaarb: bridge control possible
2026-01-09T09:05:40.850623+00:00 Ubuntu kernel: pci 0000:00:02.0: vgaarb: VGA device added: decodes=io+mem,owns=io+mem,locks=none
2026-01-09T09:05:40.850624+00:00 Ubuntu kernel: vgaarb: loaded
2026-01-09T09:05:40.850624+00:00 Ubuntu kernel: clocksource: Switched to clocksource kvm-clock
2026-01-09T09:05:40.850624+00:00 Ubuntu kernel: VFS: Disk quotas dquot_6.6.0
2026-01-09T09:05:40.850625+00:00 Ubuntu kernel: VFS: Dquot-cache hash table entries: 512 (order 0, 4096 bytes)
2026-01-09T09:05:40.850625+00:00 Ubuntu kernel: AppArmor: AppArmor Filesystem Enabled
2026-01-09T09:05:40.850626+00:00 Ubuntu kernel: pnp: PnP ACPI init
2026-01-09T09:05:40.850626+00:00 Ubuntu kernel: pnp: PnP ACPI: found 2 devices
2026-01-09T09:05:40.850626+00:00 Ubuntu kernel: clocksource: acpi_pm: mask: 0xffffff max_cycles: 0xffffff, max_idle_ns: 2085701024 ns
2026-01-09T09:05:40.850627+00:00 Ubuntu kernel: NET: Registered PF_INET protocol family
2026-01-09T09:05:40.850627+00:00 Ubuntu kernel: IP idents hash table entries: 131072 (order: 8, 1048576 bytes, linear)
2026-01-09T09:05:40.850627+00:00 Ubuntu kernel: tcp_listen_portaddr_hash hash table entries: 4096 (order: 4, 65536 bytes, linear)
2026-01-09T09:05:40.850628+00:00 Ubuntu kernel: Table-perturb hash table entries: 65536 (order: 6, 262144 bytes, linear)
2026-01-09T09:05:40.850628+00:00 Ubuntu kernel: TCP established hash table entries: 65536 (order: 7, 524288 bytes, linear)
2026-01-09T09:05:40.850629+00:00 Ubuntu kernel: TCP bind hash table entries: 65536 (order: 9, 2097152 bytes, linear)
2026-01-09T09:05:40.850629+00:00 Ubuntu kernel: TCP: Hash tables configured (established 65536 bind 65536)
2026-01-09T09:05:40.850629+00:00 Ubuntu kernel: MPTCP token hash table entries: 8192 (order: 5, 196608 bytes, linear)
2026-01-09T09:05:40.850630+00:00 Ubuntu kernel: UDP hash table entries: 4096 (order: 5, 131072 bytes, linear)
2026-01-09T09:05:40.850630+00:00 Ubuntu kernel: UDP-Lite hash table entries: 4096 (order: 5, 131072 bytes, linear)
2026-01-09T09:05:40.850630+00:00 Ubuntu kernel: NET: Registered PF_UNIX/PF_LOCAL protocol family
2026-01-09T09:05:40.850631+00:00 Ubuntu kernel: NET: Registered PF_XDP protocol family
2026-01-09T09:05:40.850631+00:00 Ubuntu kernel: pci_bus 0000:00: resource 4 [io  0x0000-0x0cf7 window]
2026-01-09T09:05:40.850631+00:00 Ubuntu kernel: pci_bus 0000:00: resource 5 [io  0x0d00-0xffff window]
2026-01-09T09:05:40.850632+00:00 Ubuntu kernel: pci_bus 0000:00: resource 6 [mem 0x000a0000-0x000bffff window]
2026-01-09T09:05:40.850632+00:00 Ubuntu kernel: pci_bus 0000:00: resource 7 [mem 0xe0000000-0xfdffffff window]
2026-01-09T09:05:40.850633+00:00 Ubuntu kernel: pci 0000:00:00.0: Limiting direct PCI/PCI transfers
2026-01-09T09:05:40.850633+00:00 Ubuntu kernel: PCI: CLS 0 bytes, default 64
2026-01-09T09:05:40.850634+00:00 Ubuntu kernel: Trying to unpack rootfs image as initramfs...
2026-01-09T09:05:40.850634+00:00 Ubuntu kernel: PCI-DMA: Using software bounce buffering for IO (SWIOTLB)
2026-01-09T09:05:40.850634+00:00 Ubuntu kernel: software IO TLB: mapped [mem 0x00000000dbff0000-0x00000000dfff0000] (64MB)
2026-01-09T09:05:40.850635+00:00 Ubuntu kernel: clocksource: tsc: mask: 0xffffffffffffffff max_cycles: 0x23fa772cf26, max_idle_ns: 440795269835 ns
2026-01-09T09:05:40.850635+00:00 Ubuntu kernel: clocksource: Switched to clocksource tsc
2026-01-09T09:05:40.850636+00:00 Ubuntu kernel: platform rtc_cmos: registered platform RTC device (no PNP device found)
2026-01-09T09:05:40.850636+00:00 Ubuntu kernel: Initialise system trusted keyrings
2026-01-09T09:05:40.850636+00:00 Ubuntu kernel: Key type blacklist registered
2026-01-09T09:05:40.850637+00:00 Ubuntu kernel: workingset: timestamp_bits=36 max_order=21 bucket_order=0
2026-01-09T09:05:40.850637+00:00 Ubuntu kernel: zbud: loaded
2026-01-09T09:05:40.850637+00:00 Ubuntu kernel: squashfs: version 4.0 (2009/01/31) Phillip Lougher
2026-01-09T09:05:40.850638+00:00 Ubuntu kernel: fuse: init (API version 7.39)
2026-01-09T09:05:40.850638+00:00 Ubuntu kernel: integrity: Platform Keyring initialized
2026-01-09T09:05:40.850639+00:00 Ubuntu kernel: integrity: Machine keyring initialized
2026-01-09T09:05:40.850639+00:00 Ubuntu kernel: Freeing initrd memory: 70716K
2026-01-09T09:05:40.850639+00:00 Ubuntu kernel: Key type asymmetric registered
2026-01-09T09:05:40.850640+00:00 Ubuntu kernel: Asymmetric key parser 'x509' registered
2026-01-09T09:05:40.850691+00:00 Ubuntu kernel: Block layer SCSI generic (bsg) driver version 0.4 loaded (major 243)
2026-01-09T09:05:40.850726+00:00 Ubuntu kernel: io scheduler mq-deadline registered
2026-01-09T09:05:40.850728+00:00 Ubuntu kernel: shpchp: Standard Hot Plug PCI Controller Driver version: 0.4
2026-01-09T09:05:40.850728+00:00 Ubuntu kernel: ACPI: AC: AC Adapter [AC] (on-line)
2026-01-09T09:05:40.850729+00:00 Ubuntu kernel: input: Power Button as /devices/LNXSYSTM:00/LNXPWRBN:00/input/input0
2026-01-09T09:05:40.850730+00:00 Ubuntu kernel: ACPI: button: Power Button [PWRF]
2026-01-09T09:05:40.850730+00:00 Ubuntu kernel: input: Sleep Button as /devices/LNXSYSTM:00/LNXSLPBN:00/input/input1
2026-01-09T09:05:40.850731+00:00 Ubuntu kernel: ACPI: button: Sleep Button [SLPF]
2026-01-09T09:05:40.850731+00:00 Ubuntu kernel: Serial: 8250/16550 driver, 32 ports, IRQ sharing enabled
2026-01-09T09:05:40.850732+00:00 Ubuntu kernel: Linux agpgart interface v0.103
2026-01-09T09:05:40.850732+00:00 Ubuntu kernel: loop: module loaded
2026-01-09T09:05:40.850733+00:00 Ubuntu kernel: ata_piix 0000:00:01.1: version 2.13
2026-01-09T09:05:40.850733+00:00 Ubuntu kernel: scsi host0: ata_piix
2026-01-09T09:05:40.850734+00:00 Ubuntu kernel: scsi host1: ata_piix
2026-01-09T09:05:40.850735+00:00 Ubuntu kernel: ata1: PATA max UDMA/33 cmd 0x1f0 ctl 0x3f6 bmdma 0xd000 irq 14 lpm-pol 0
2026-01-09T09:05:40.850735+00:00 Ubuntu kernel: ata2: PATA max UDMA/33 cmd 0x170 ctl 0x376 bmdma 0xd008 irq 15 lpm-pol 0
2026-01-09T09:05:40.850735+00:00 Ubuntu kernel: ACPI: bus type drm_connector registered
2026-01-09T09:05:40.850736+00:00 Ubuntu kernel: tun: Universal TUN/TAP device driver, 1.6
2026-01-09T09:05:40.850736+00:00 Ubuntu kernel: PPP generic driver version 2.4.2
2026-01-09T09:05:40.850737+00:00 Ubuntu kernel: ohci-pci 0000:00:06.0: OHCI PCI host controller
2026-01-09T09:05:40.850737+00:00 Ubuntu kernel: ohci-pci 0000:00:06.0: new USB bus registered, assigned bus number 1
2026-01-09T09:05:40.850738+00:00 Ubuntu kernel: ohci-pci 0000:00:06.0: irq 22, io mem 0xf0804000
2026-01-09T09:05:40.850738+00:00 Ubuntu kernel: usb usb1: New USB device found, idVendor=1d6b, idProduct=0001, bcdDevice= 6.08
2026-01-09T09:05:40.850738+00:00 Ubuntu kernel: usb usb1: New USB device strings: Mfr=3, Product=2, SerialNumber=1
2026-01-09T09:05:40.850739+00:00 Ubuntu kernel: usb usb1: Product: OHCI PCI host controller
2026-01-09T09:05:40.850739+00:00 Ubuntu kernel: usb usb1: Manufacturer: Linux 6.8.0-90-generic ohci_hcd
2026-01-09T09:05:40.850740+00:00 Ubuntu kernel: usb usb1: SerialNumber: 0000:00:06.0
2026-01-09T09:05:40.850740+00:00 Ubuntu kernel: hub 1-0:1.0: USB hub found
2026-01-09T09:05:40.850741+00:00 Ubuntu kernel: hub 1-0:1.0: 12 ports detected
2026-01-09T09:05:40.850741+00:00 Ubuntu kernel: i8042: PNP: PS/2 Controller [PNP0303:PS2K,PNP0f03:PS2M] at 0x60,0x64 irq 1,12
2026-01-09T09:05:40.850742+00:00 Ubuntu kernel: ehci-pci 0000:00:0b.0: EHCI Host Controller
2026-01-09T09:05:40.850742+00:00 Ubuntu kernel: ehci-pci 0000:00:0b.0: new USB bus registered, assigned bus number 2
2026-01-09T09:05:40.850742+00:00 Ubuntu kernel: ehci-pci 0000:00:0b.0: irq 19, io mem 0xf0805000
2026-01-09T09:05:40.850743+00:00 Ubuntu kernel: serio: i8042 KBD port at 0x60,0x64 irq 1
2026-01-09T09:05:40.850743+00:00 Ubuntu kernel: serio: i8042 AUX port at 0x60,0x64 irq 12
2026-01-09T09:05:40.850744+00:00 Ubuntu kernel: mousedev: PS/2 mouse device common for all mice
2026-01-09T09:05:40.850744+00:00 Ubuntu kernel: input: AT Translated Set 2 keyboard as /devices/platform/i8042/serio0/input/input2
2026-01-09T09:05:40.850744+00:00 Ubuntu kernel: rtc_cmos rtc_cmos: registered as rtc0
2026-01-09T09:05:40.850745+00:00 Ubuntu kernel: ehci-pci 0000:00:0b.0: USB 2.0 started, EHCI 1.00
2026-01-09T09:05:40.850745+00:00 Ubuntu kernel: usb usb2: New USB device found, idVendor=1d6b, idProduct=0002, bcdDevice= 6.08
2026-01-09T09:05:40.850746+00:00 Ubuntu kernel: usb usb2: New USB device strings: Mfr=3, Product=2, SerialNumber=1
2026-01-09T09:05:40.850746+00:00 Ubuntu kernel: usb usb2: Product: EHCI Host Controller
2026-01-09T09:05:40.850747+00:00 Ubuntu kernel: usb usb2: Manufacturer: Linux 6.8.0-90-generic ehci_hcd
2026-01-09T09:05:40.850747+00:00 Ubuntu kernel: usb usb2: SerialNumber: 0000:00:0b.0
2026-01-09T09:05:40.850747+00:00 Ubuntu kernel: rtc_cmos rtc_cmos: setting system clock to 2026-01-09T09:05:31 UTC (1767949531)
2026-01-09T09:05:40.850748+00:00 Ubuntu kernel: rtc_cmos rtc_cmos: alarms up to one day, 114 bytes nvram
2026-01-09T09:05:40.850748+00:00 Ubuntu kernel: i2c_dev: i2c /dev entries driver
2026-01-09T09:05:40.850749+00:00 Ubuntu kernel: device-mapper: core: CONFIG_IMA_DISABLE_HTABLE is disabled. Duplicate IMA measurements will not be recorded in the IMA log.
2026-01-09T09:05:40.850749+00:00 Ubuntu kernel: device-mapper: uevent: version 1.0.3
2026-01-09T09:05:40.850750+00:00 Ubuntu kernel: device-mapper: ioctl: 4.48.0-ioctl (2023-03-01) initialised: dm-devel@redhat.com
2026-01-09T09:05:40.850750+00:00 Ubuntu kernel: intel_pstate: CPU model not supported
2026-01-09T09:05:40.850751+00:00 Ubuntu kernel: hub 2-0:1.0: USB hub found
2026-01-09T09:05:40.850751+00:00 Ubuntu kernel: hub 2-0:1.0: 12 ports detected
2026-01-09T09:05:40.850751+00:00 Ubuntu kernel: ledtrig-cpu: registered to indicate activity on CPUs
2026-01-09T09:05:40.850752+00:00 Ubuntu kernel: drop_monitor: Initializing network drop monitor service
2026-01-09T09:05:40.850752+00:00 Ubuntu kernel: NET: Registered PF_INET6 protocol family
2026-01-09T09:05:40.850753+00:00 Ubuntu kernel: Segment Routing with IPv6
2026-01-09T09:05:40.850753+00:00 Ubuntu kernel: In-situ OAM (IOAM) with IPv6
2026-01-09T09:05:40.850754+00:00 Ubuntu kernel: NET: Registered PF_PACKET protocol family
2026-01-09T09:05:40.850754+00:00 Ubuntu kernel: Key type dns_resolver registered
2026-01-09T09:05:40.850754+00:00 Ubuntu kernel: IPI shorthand broadcast: enabled
2026-01-09T09:05:40.850755+00:00 Ubuntu kernel: sched_clock: Marking stable (447260398, 31914289)->(553125122, -73950435)
2026-01-09T09:05:40.850755+00:00 Ubuntu kernel: registered taskstats version 1
2026-01-09T09:05:40.850756+00:00 Ubuntu kernel: Loading compiled-in X.509 certificates
2026-01-09T09:05:40.850756+00:00 Ubuntu kernel: Loaded X.509 cert 'Build time autogenerated kernel key: 7a5738967e2123858340ae7fbb0491d696dbfb58'
2026-01-09T09:05:40.850757+00:00 Ubuntu kernel: Loaded X.509 cert 'Canonical Ltd. Live Patch Signing 2025 Kmod: d541cef61dc7e793b7eb7e899970a2eef0b5dc8c'
2026-01-09T09:05:40.856295+00:00 Ubuntu kernel: Loaded X.509 cert 'Canonical Ltd. Live Patch Signing: 14df34d1a87cf37625abec039ef2bf521249b969'
2026-01-09T09:05:40.856303+00:00 Ubuntu kernel: Loaded X.509 cert 'Canonical Ltd. Kernel Module Signing: 88f752e560a1e0737e31163a466ad7b70a850c19'
2026-01-09T09:05:40.856304+00:00 Ubuntu kernel: blacklist: Loading compiled-in revocation X.509 certificates
2026-01-09T09:05:40.856304+00:00 Ubuntu kernel: Loaded X.509 cert 'Canonical Ltd. Secure Boot Signing: 61482aa2830d0ab2ad5af10b7250da9033ddcef0'
2026-01-09T09:05:40.856305+00:00 Ubuntu kernel: Loaded X.509 cert 'Canonical Ltd. Secure Boot Signing (2017): 242ade75ac4a15e50d50c84b0d45ff3eae707a03'
2026-01-09T09:05:40.856306+00:00 Ubuntu kernel: Loaded X.509 cert 'Canonical Ltd. Secure Boot Signing (ESM 2018): 365188c1d374d6b07c3c8f240f8ef722433d6a8b'
2026-01-09T09:05:40.856306+00:00 Ubuntu kernel: Loaded X.509 cert 'Canonical Ltd. Secure Boot Signing (2019): c0746fd6c5da3ae827864651ad66ae47fe24b3e8'
2026-01-09T09:05:40.854121+00:00 Ubuntu cloud-init[967]: Cloud-init v. 25.1.4-0ubuntu0~24.04.1 running 'modules:config' at Fri, 09 Jan 2026 09:05:40 +0000. Up 9.70 seconds.
2026-01-09T09:05:40.856307+00:00 Ubuntu kernel: Loaded X.509 cert 'Canonical Ltd. Secure Boot Signing (2021 v1): a8d54bbb3825cfb94fa13c9f8a594a195c107b8d'
2026-01-09T09:05:40.856308+00:00 Ubuntu kernel: Loaded X.509 cert 'Canonical Ltd. Secure Boot Signing (2021 v2): 4cf046892d6fd3c9a5b03f98d845f90851dc6a8c'
2026-01-09T09:05:40.856309+00:00 Ubuntu kernel: Loaded X.509 cert 'Canonical Ltd. Secure Boot Signing (2021 v3): 100437bb6de6e469b581e61cd66bce3ef4ed53af'
2026-01-09T09:05:40.856309+00:00 Ubuntu kernel: Loaded X.509 cert 'Canonical Ltd. Secure Boot Signing (Ubuntu Core 2019): c1d57b8f6b743f23ee41f4f7ee292f06eecadfb9'
2026-01-09T09:05:40.856309+00:00 Ubuntu kernel: Key type .fscrypt registered
2026-01-09T09:05:40.856310+00:00 Ubuntu kernel: Key type fscrypt-provisioning registered
2026-01-09T09:05:40.856311+00:00 Ubuntu kernel: cryptd: max_cpu_qlen set to 1000
2026-01-09T09:05:40.856311+00:00 Ubuntu kernel: ata1.00: ATAPI: VBOX CD-ROM, 1.0, max UDMA/133
2026-01-09T09:05:40.856311+00:00 Ubuntu kernel: scsi 0:0:0:0: CD-ROM            VBOX     CD-ROM           1.0  PQ: 0 ANSI: 5
2026-01-09T09:05:40.856312+00:00 Ubuntu kernel: sr 0:0:0:0: [sr0] scsi3-mmc drive: 32x/32x xa/form2 tray
2026-01-09T09:05:40.856312+00:00 Ubuntu kernel: cdrom: Uniform CD-ROM driver Revision: 3.20
2026-01-09T09:05:40.856312+00:00 Ubuntu kernel: sr 0:0:0:0: Attached scsi CD-ROM sr0
2026-01-09T09:05:40.856312+00:00 Ubuntu kernel: sr 0:0:0:0: Attached scsi generic sg0 type 5
2026-01-09T09:05:40.856313+00:00 Ubuntu kernel: AVX2 version of gcm_enc/dec engaged.
2026-01-09T09:05:40.856313+00:00 Ubuntu kernel: AES CTR mode by8 optimization enabled
2026-01-09T09:05:40.856313+00:00 Ubuntu kernel: Key type encrypted registered
2026-01-09T09:05:40.856314+00:00 Ubuntu kernel: AppArmor: AppArmor sha256 policy hashing enabled
2026-01-09T09:05:40.856314+00:00 Ubuntu kernel: ima: No TPM chip found, activating TPM-bypass!
2026-01-09T09:05:40.856314+00:00 Ubuntu kernel: Loading compiled-in module X.509 certificates
2026-01-09T09:05:40.856315+00:00 Ubuntu kernel: Loaded X.509 cert 'Build time autogenerated kernel key: 7a5738967e2123858340ae7fbb0491d696dbfb58'
2026-01-09T09:05:40.856315+00:00 Ubuntu kernel: ima: Allocated hash algorithm: sha256
2026-01-09T09:05:40.856315+00:00 Ubuntu kernel: ima: No architecture policies found
2026-01-09T09:05:40.856316+00:00 Ubuntu kernel: evm: Initialising EVM extended attributes:
2026-01-09T09:05:40.856316+00:00 Ubuntu kernel: evm: security.selinux
2026-01-09T09:05:40.856316+00:00 Ubuntu kernel: evm: security.SMACK64
2026-01-09T09:05:40.856316+00:00 Ubuntu kernel: evm: security.SMACK64EXEC
2026-01-09T09:05:40.856317+00:00 Ubuntu kernel: evm: security.SMACK64TRANSMUTE
2026-01-09T09:05:40.856317+00:00 Ubuntu kernel: evm: security.SMACK64MMAP
2026-01-09T09:05:40.856317+00:00 Ubuntu kernel: evm: security.apparmor
2026-01-09T09:05:40.856317+00:00 Ubuntu kernel: evm: security.ima
2026-01-09T09:05:40.856318+00:00 Ubuntu kernel: evm: security.capability
2026-01-09T09:05:40.856318+00:00 Ubuntu kernel: evm: HMAC attrs: 0x1
2026-01-09T09:05:40.856318+00:00 Ubuntu kernel: PM:   Magic number: 10:111:70
2026-01-09T09:05:40.856318+00:00 Ubuntu kernel:  memory: hash matches
2026-01-09T09:05:40.856319+00:00 Ubuntu kernel: RAS: Correctable Errors collector initialized.
2026-01-09T09:05:40.856319+00:00 Ubuntu kernel: clk: Disabling unused clocks
2026-01-09T09:05:40.856319+00:00 Ubuntu kernel: Freeing unused decrypted memory: 2028K
2026-01-09T09:05:40.856320+00:00 Ubuntu kernel: Freeing unused kernel image (initmem) memory: 4912K
2026-01-09T09:05:40.856320+00:00 Ubuntu kernel: Write protecting the kernel read-only data: 38912k
2026-01-09T09:05:40.856321+00:00 Ubuntu kernel: Freeing unused kernel image (rodata/data gap) memory: 2000K
2026-01-09T09:05:40.856321+00:00 Ubuntu kernel: x86/mm: Checked W+X mappings: passed, no W+X pages found.
2026-01-09T09:05:40.856321+00:00 Ubuntu kernel: Run /init as init process
2026-01-09T09:05:40.856322+00:00 Ubuntu kernel:   with arguments:
2026-01-09T09:05:40.856322+00:00 Ubuntu kernel:     /init
2026-01-09T09:05:40.856358+00:00 Ubuntu kernel:     splash
2026-01-09T09:05:40.856358+00:00 Ubuntu kernel:     noprompt
2026-01-09T09:05:40.856358+00:00 Ubuntu kernel:     noshell
2026-01-09T09:05:40.856359+00:00 Ubuntu kernel:     automatic-ubiquity
2026-01-09T09:05:40.856360+00:00 Ubuntu kernel:   with environment:
2026-01-09T09:05:40.856360+00:00 Ubuntu kernel:     HOME=/
2026-01-09T09:05:40.856360+00:00 Ubuntu kernel:     TERM=linux
2026-01-09T09:05:40.856361+00:00 Ubuntu kernel:     BOOT_IMAGE=/boot/vmlinuz-6.8.0-90-generic
2026-01-09T09:05:40.856361+00:00 Ubuntu kernel:     debian-installer/locale=en_US
2026-01-09T09:05:40.856361+00:00 Ubuntu kernel:     keyboard-configuration/layoutcode=us
2026-01-09T09:05:40.856361+00:00 Ubuntu kernel:     languagechooser/language-name=English
2026-01-09T09:05:40.856362+00:00 Ubuntu kernel:     localechooser/supported-locales=en_US.UTF-8
2026-01-09T09:05:40.856362+00:00 Ubuntu kernel:     countrychooser/shortlist=AU
2026-01-09T09:05:40.856362+00:00 Ubuntu kernel: ACPI: video: Video Device [GFX0] (multi-head: yes  rom: no  post: no)
2026-01-09T09:05:40.856363+00:00 Ubuntu kernel: input: Video Bus as /devices/LNXSYSTM:00/LNXSYBUS:00/PNP0A03:00/LNXVIDEO:00/input/input4
2026-01-09T09:05:40.856363+00:00 Ubuntu kernel: e1000: Intel(R) PRO/1000 Network Driver
2026-01-09T09:05:40.856363+00:00 Ubuntu kernel: e1000: Copyright (c) 1999-2006 Intel Corporation.
2026-01-09T09:05:40.856363+00:00 Ubuntu kernel: ahci 0000:00:0d.0: version 3.0
2026-01-09T09:05:40.856364+00:00 Ubuntu kernel: ahci 0000:00:0d.0: SSS flag set, parallel bus scan disabled
2026-01-09T09:05:40.856364+00:00 Ubuntu kernel: ahci 0000:00:0d.0: AHCI 0001.0100 32 slots 1 ports 3 Gbps 0x1 impl SATA mode
2026-01-09T09:05:40.856364+00:00 Ubuntu kernel: ahci 0000:00:0d.0: flags: 64bit ncq stag only ccc 
2026-01-09T09:05:40.856364+00:00 Ubuntu kernel: scsi host2: ahci
2026-01-09T09:05:40.856365+00:00 Ubuntu kernel: ata3: SATA max UDMA/133 abar m8192@0xf0806000 port 0xf0806100 irq 21 lpm-pol 0
2026-01-09T09:05:40.856365+00:00 Ubuntu kernel: usb 1-1: new full-speed USB device number 2 using ohci-pci
2026-01-09T09:05:40.856365+00:00 Ubuntu kernel: input: ImExPS/2 Generic Explorer Mouse as /devices/platform/i8042/serio1/input/input5
2026-01-09T09:05:40.856366+00:00 Ubuntu kernel: usb 1-1: New USB device found, idVendor=80ee, idProduct=0021, bcdDevice= 1.00
2026-01-09T09:05:40.856366+00:00 Ubuntu kernel: usb 1-1: New USB device strings: Mfr=1, Product=3, SerialNumber=0
2026-01-09T09:05:40.856366+00:00 Ubuntu kernel: usb 1-1: Product: USB Tablet
2026-01-09T09:05:40.856367+00:00 Ubuntu kernel: usb 1-1: Manufacturer: VirtualBox
2026-01-09T09:05:40.856367+00:00 Ubuntu kernel: hid: raw HID events driver (C) Jiri Kosina
2026-01-09T09:05:40.856368+00:00 Ubuntu kernel: ata3: SATA link up 3.0 Gbps (SStatus 123 SControl 300)
2026-01-09T09:05:40.856368+00:00 Ubuntu kernel: ata3.00: ATA-6: VBOX HARDDISK, 1.0, max UDMA/133
2026-01-09T09:05:40.856368+00:00 Ubuntu kernel: ata3.00: 52428800 sectors, multi 128: LBA48 NCQ (depth 32)
2026-01-09T09:05:40.856368+00:00 Ubuntu kernel: ata3.00: configured for UDMA/133
2026-01-09T09:05:40.856369+00:00 Ubuntu kernel: scsi 2:0:0:0: Direct-Access     ATA      VBOX HARDDISK    1.0  PQ: 0 ANSI: 5
2026-01-09T09:05:40.856369+00:00 Ubuntu kernel: sd 2:0:0:0: [sda] 52428800 512-byte logical blocks: (26.8 GB/25.0 GiB)
2026-01-09T09:05:40.856370+00:00 Ubuntu kernel: sd 2:0:0:0: [sda] Write Protect is off
2026-01-09T09:05:40.856370+00:00 Ubuntu kernel: sd 2:0:0:0: [sda] Mode Sense: 00 3a 00 00
2026-01-09T09:05:40.856370+00:00 Ubuntu kernel: sd 2:0:0:0: [sda] Write cache: enabled, read cache: enabled, doesn't support DPO or FUA
2026-01-09T09:05:40.856370+00:00 Ubuntu kernel: sd 2:0:0:0: [sda] Preferred minimum I/O size 512 bytes
2026-01-09T09:05:40.856371+00:00 Ubuntu kernel: sd 2:0:0:0: Attached scsi generic sg1 type 0
2026-01-09T09:05:40.856371+00:00 Ubuntu kernel:  sda: sda1 sda2
2026-01-09T09:05:40.856371+00:00 Ubuntu kernel: sd 2:0:0:0: [sda] Attached SCSI disk
2026-01-09T09:05:40.856371+00:00 Ubuntu kernel: usbcore: registered new interface driver usbhid
2026-01-09T09:05:40.856371+00:00 Ubuntu kernel: usbhid: USB HID core driver
2026-01-09T09:05:40.856372+00:00 Ubuntu kernel: input: VirtualBox USB Tablet as /devices/pci0000:00/0000:00:06.0/usb1/1-1/1-1:1.0/0003:80EE:0021.0001/input/input6
2026-01-09T09:05:40.856372+00:00 Ubuntu kernel: hid-generic 0003:80EE:0021.0001: input,hidraw0: USB HID v1.10 Mouse [VirtualBox USB Tablet] on usb-0000:00:06.0-1/input0
2026-01-09T09:05:40.856372+00:00 Ubuntu kernel: e1000 0000:00:03.0 eth0: (PCI:33MHz:32-bit) 08:00:27:f2:23:5c
2026-01-09T09:05:40.856372+00:00 Ubuntu kernel: e1000 0000:00:03.0 eth0: Intel(R) PRO/1000 Network Connection
2026-01-09T09:05:40.856373+00:00 Ubuntu kernel: e1000 0000:00:03.0 enp0s3: renamed from eth0
2026-01-09T09:05:40.856373+00:00 Ubuntu kernel: raid6: avx2x4   gen() 32208 MB/s
2026-01-09T09:05:40.856373+00:00 Ubuntu kernel: raid6: avx2x2   gen() 33958 MB/s
2026-01-09T09:05:40.856373+00:00 Ubuntu kernel: raid6: avx2x1   gen() 31735 MB/s
2026-01-09T09:05:40.856374+00:00 Ubuntu kernel: raid6: using algorithm avx2x2 gen() 33958 MB/s
2026-01-09T09:05:40.856374+00:00 Ubuntu kernel: raid6: .... xor() 23250 MB/s, rmw enabled
2026-01-09T09:05:40.856374+00:00 Ubuntu kernel: raid6: using avx2x2 recovery algorithm
2026-01-09T09:05:40.856375+00:00 Ubuntu kernel: xor: automatically using best checksumming function   avx       
2026-01-09T09:05:40.856375+00:00 Ubuntu kernel: async_tx: api initialized (async)
2026-01-09T09:05:40.856375+00:00 Ubuntu kernel: Btrfs loaded, zoned=yes, fsverity=yes
2026-01-09T09:05:40.856375+00:00 Ubuntu kernel: EXT4-fs (sda2): mounted filesystem 916c71b1-9960-4d5d-94ae-1a5fd7237d7f ro with ordered data mode. Quota mode: none.
2026-01-09T09:05:40.856376+00:00 Ubuntu kernel: systemd[1]: Inserted module 'autofs4'
2026-01-09T09:05:40.856376+00:00 Ubuntu kernel: systemd[1]: systemd 255.4-1ubuntu8.10 running in system mode (+PAM +AUDIT +SELINUX +APPARMOR +IMA +SMACK +SECCOMP +GCRYPT -GNUTLS +OPENSSL +ACL +BLKID +CURL +ELFUTILS +FIDO2 +IDN2 -IDN +IPTC +KMOD +LIBCRYPTSETUP +LIBFDISK +PCRE2 -PWQUALITY +P11KIT +QRENCODE +TPM2 +BZIP2 +LZ4 +XZ +ZLIB +ZSTD -BPF_FRAMEWORK -XKBCOMMON +UTMP +SYSVINIT default-hierarchy=unified)
2026-01-09T09:05:40.856376+00:00 Ubuntu kernel: systemd[1]: Detected virtualization oracle.
2026-01-09T09:05:40.856377+00:00 Ubuntu kernel: systemd[1]: Detected architecture x86-64.
2026-01-09T09:05:40.856377+00:00 Ubuntu kernel: systemd[1]: Hostname set to <localhost.localdomain>.
2026-01-09T09:05:40.856378+00:00 Ubuntu kernel: systemd[1]: Queued start job for default target graphical.target.
2026-01-09T09:05:40.856378+00:00 Ubuntu kernel: systemd[1]: Created slice system-modprobe.slice - Slice /system/modprobe.
2026-01-09T09:05:40.856378+00:00 Ubuntu kernel: systemd[1]: Created slice user.slice - User and Session Slice.
2026-01-09T09:05:40.856379+00:00 Ubuntu kernel: systemd[1]: Started systemd-ask-password-wall.path - Forward Password Requests to Wall Directory Watch.
2026-01-09T09:05:40.856379+00:00 Ubuntu kernel: systemd[1]: Set up automount proc-sys-fs-binfmt_misc.automount - Arbitrary Executable File Formats File System Automount Point.
2026-01-09T09:05:40.856380+00:00 Ubuntu kernel: systemd[1]: Reached target integritysetup.target - Local Integrity Protected Volumes.
2026-01-09T09:05:40.856380+00:00 Ubuntu kernel: systemd[1]: Reached target slices.target - Slice Units.
2026-01-09T09:05:40.856380+00:00 Ubuntu kernel: systemd[1]: Reached target snapd.mounts-pre.target - Mounting snaps.
2026-01-09T09:05:40.856380+00:00 Ubuntu kernel: systemd[1]: Reached target snapd.mounts.target - Mounted snaps.
2026-01-09T09:05:40.856381+00:00 Ubuntu kernel: systemd[1]: Reached target swap.target - Swaps.
2026-01-09T09:05:40.856381+00:00 Ubuntu kernel: systemd[1]: Reached target veritysetup.target - Local Verity Protected Volumes.
2026-01-09T09:05:40.856382+00:00 Ubuntu kernel: systemd[1]: Listening on dm-event.socket - Device-mapper event daemon FIFOs.
2026-01-09T09:05:40.856382+00:00 Ubuntu kernel: systemd[1]: Listening on lvm2-lvmpolld.socket - LVM2 poll daemon socket.
2026-01-09T09:05:40.856382+00:00 Ubuntu kernel: systemd[1]: Listening on multipathd.socket - multipathd control socket.
2026-01-09T09:05:40.856382+00:00 Ubuntu kernel: systemd[1]: Listening on syslog.socket - Syslog Socket.
2026-01-09T09:05:40.856383+00:00 Ubuntu kernel: systemd[1]: Listening on systemd-fsckd.socket - fsck to fsckd communication Socket.
2026-01-09T09:05:40.856383+00:00 Ubuntu kernel: systemd[1]: Listening on systemd-initctl.socket - initctl Compatibility Named Pipe.
2026-01-09T09:05:40.856383+00:00 Ubuntu kernel: systemd[1]: Listening on systemd-journald-dev-log.socket - Journal Socket (/dev/log).
2026-01-09T09:05:40.856383+00:00 Ubuntu kernel: systemd[1]: Listening on systemd-journald.socket - Journal Socket.
2026-01-09T09:05:40.856384+00:00 Ubuntu kernel: systemd[1]: Listening on systemd-networkd.socket - Network Service Netlink Socket.
2026-01-09T09:05:40.856384+00:00 Ubuntu kernel: systemd[1]: systemd-pcrextend.socket - TPM2 PCR Extension (Varlink) was skipped because of an unmet condition check (ConditionSecurity=measured-uki).
2026-01-09T09:05:40.856384+00:00 Ubuntu kernel: systemd[1]: Listening on systemd-udevd-control.socket - udev Control Socket.
2026-01-09T09:05:40.856385+00:00 Ubuntu kernel: systemd[1]: Listening on systemd-udevd-kernel.socket - udev Kernel Socket.
2026-01-09T09:05:40.856385+00:00 Ubuntu kernel: systemd[1]: Mounting dev-hugepages.mount - Huge Pages File System...
2026-01-09T09:05:40.856385+00:00 Ubuntu kernel: systemd[1]: Mounting dev-mqueue.mount - POSIX Message Queue File System...
2026-01-09T09:05:40.856385+00:00 Ubuntu kernel: systemd[1]: Mounting sys-kernel-debug.mount - Kernel Debug File System...
2026-01-09T09:05:40.856386+00:00 Ubuntu kernel: systemd[1]: Mounting sys-kernel-tracing.mount - Kernel Trace File System...
2026-01-09T09:05:40.856386+00:00 Ubuntu kernel: systemd[1]: Starting systemd-journald.service - Journal Service...
2026-01-09T09:05:40.856386+00:00 Ubuntu kernel: systemd[1]: Starting keyboard-setup.service - Set the console keyboard layout...
2026-01-09T09:05:40.856386+00:00 Ubuntu kernel: systemd[1]: Starting kmod-static-nodes.service - Create List of Static Device Nodes...
2026-01-09T09:05:40.856387+00:00 Ubuntu kernel: systemd[1]: Starting lvm2-monitor.service - Monitoring of LVM2 mirrors, snapshots etc. using dmeventd or progress polling...
2026-01-09T09:05:40.856387+00:00 Ubuntu kernel: systemd[1]: Starting modprobe@configfs.service - Load Kernel Module configfs...
2026-01-09T09:05:40.856387+00:00 Ubuntu kernel: systemd[1]: Starting modprobe@dm_mod.service - Load Kernel Module dm_mod...
2026-01-09T09:05:40.856387+00:00 Ubuntu kernel: systemd[1]: Starting modprobe@drm.service - Load Kernel Module drm...
2026-01-09T09:05:40.856406+00:00 Ubuntu kernel: systemd[1]: Starting modprobe@efi_pstore.service - Load Kernel Module efi_pstore...
2026-01-09T09:05:40.856406+00:00 Ubuntu kernel: systemd[1]: Starting modprobe@fuse.service - Load Kernel Module fuse...
2026-01-09T09:05:40.856407+00:00 Ubuntu kernel: systemd[1]: Starting modprobe@loop.service - Load Kernel Module loop...
2026-01-09T09:05:40.856407+00:00 Ubuntu kernel: systemd[1]: netplan-ovs-cleanup.service - OpenVSwitch configuration for cleanup was skipped because of an unmet condition check (ConditionFileIsExecutable=/usr/bin/ovs-vsctl).
2026-01-09T09:05:40.856408+00:00 Ubuntu kernel: systemd[1]: systemd-fsck-root.service - File System Check on Root Device was skipped because of an unmet condition check (ConditionPathExists=!/run/initramfs/fsck-root).
2026-01-09T09:05:40.856408+00:00 Ubuntu kernel: systemd[1]: Starting systemd-modules-load.service - Load Kernel Modules...
2026-01-09T09:05:40.856409+00:00 Ubuntu kernel: systemd[1]: systemd-pcrmachine.service - TPM2 PCR Machine ID Measurement was skipped because of an unmet condition check (ConditionSecurity=measured-uki).
2026-01-09T09:05:40.856409+00:00 Ubuntu kernel: systemd-journald[341]: Collecting audit messages is disabled.
2026-01-09T09:05:40.856410+00:00 Ubuntu kernel: systemd[1]: Starting systemd-remount-fs.service - Remount Root and Kernel File Systems...
2026-01-09T09:05:40.856410+00:00 Ubuntu kernel: systemd[1]: systemd-tpm2-setup-early.service - TPM2 SRK Setup (Early) was skipped because of an unmet condition check (ConditionSecurity=measured-uki).
2026-01-09T09:05:40.856411+00:00 Ubuntu kernel: systemd[1]: Starting systemd-udev-trigger.service - Coldplug All udev Devices...
2026-01-09T09:05:40.856411+00:00 Ubuntu kernel: systemd[1]: Mounted dev-hugepages.mount - Huge Pages File System.
2026-01-09T09:05:40.856411+00:00 Ubuntu kernel: systemd[1]: Mounted dev-mqueue.mount - POSIX Message Queue File System.
2026-01-09T09:05:40.856412+00:00 Ubuntu kernel: systemd[1]: Mounted sys-kernel-debug.mount - Kernel Debug File System.
2026-01-09T09:05:40.856412+00:00 Ubuntu kernel: systemd[1]: Mounted sys-kernel-tracing.mount - Kernel Trace File System.
2026-01-09T09:05:40.856413+00:00 Ubuntu kernel: systemd[1]: Finished kmod-static-nodes.service - Create List of Static Device Nodes.
2026-01-09T09:05:40.856413+00:00 Ubuntu kernel: systemd[1]: modprobe@configfs.service: Deactivated successfully.
2026-01-09T09:05:40.856413+00:00 Ubuntu kernel: systemd[1]: Finished modprobe@configfs.service - Load Kernel Module configfs.
2026-01-09T09:05:40.856413+00:00 Ubuntu kernel: systemd[1]: modprobe@dm_mod.service: Deactivated successfully.
2026-01-09T09:05:40.856414+00:00 Ubuntu kernel: systemd[1]: Finished modprobe@dm_mod.service - Load Kernel Module dm_mod.
2026-01-09T09:05:40.856414+00:00 Ubuntu kernel: systemd[1]: modprobe@drm.service: Deactivated successfully.
2026-01-09T09:05:40.856414+00:00 Ubuntu kernel: systemd[1]: Finished modprobe@drm.service - Load Kernel Module drm.
2026-01-09T09:05:40.856415+00:00 Ubuntu kernel: systemd[1]: modprobe@efi_pstore.service: Deactivated successfully.
2026-01-09T09:05:40.856415+00:00 Ubuntu kernel: systemd[1]: Finished modprobe@efi_pstore.service - Load Kernel Module efi_pstore.
2026-01-09T09:05:40.856415+00:00 Ubuntu kernel: systemd[1]: Mounting sys-kernel-config.mount - Kernel Configuration File System...
2026-01-09T09:05:40.856415+00:00 Ubuntu kernel: systemd[1]: Starting systemd-tmpfiles-setup-dev-early.service - Create Static Device Nodes in /dev gracefully...
2026-01-09T09:05:40.856415+00:00 Ubuntu kernel: systemd[1]: modprobe@loop.service: Deactivated successfully.
2026-01-09T09:05:40.856416+00:00 Ubuntu kernel: systemd[1]: Finished modprobe@loop.service - Load Kernel Module loop.
